
> school-management-app@0.1.0 build
> next build

Γû▓ Next.js 16.2.4 (Turbopack)
- Environments: .env.local
- Experiments (use with caution):
  ┬╖ serverActions

  Creating an optimized production build ...
Γ£ô Compiled successfully in 58s
  Running TypeScript ...
  Finished TypeScript in 102s ...
  Collecting page data using 7 workers ...
Γ£à Firebase Admin SDK initialized successfully
Γ£à Firebase Admin SDK initialized successfully
Γ£à Firebase Admin SDK initialized successfully
Γ£à Firebase Admin SDK initialized successfully
Γ£à Firebase Admin SDK initialized successfully
Γ£à Firebase Admin SDK initialized successfully
  Generating static pages using 7 workers (0/77) ...
node.exe : Error in getCurrentUser: Error: Dynamic server usage: Route 
/super-admin/admins couldn't be rendered statically because it used `cookies`. 
See more info here: https://nextjs.org/docs/messages/dynamic-server-error
At line:1 char:1
+ & "D:\Node JS/node.exe" "C:\Users\Dell\AppData\Roaming\npm/node_modul ...
+ ~~~~~~~~~~~~~~~~~~~~~~~~~~~~~~~~~~~~~~~~~~~~~~~~~~~~~~~~~~~~~~~~~~~~~
    + CategoryInfo          : NotSpecified: (Error in getCur...ic-server-error 
   :String) [], RemoteException
    + FullyQualifiedErrorId : NativeCommandError
 
    at y (D:\Projects\School\school-management-web\.next\server\chunks\ssr\_0e3
a2f6._.js:1:12426)
    at n (D:\Projects\School\school-management-web\.next\server\chunks\ssr\_0e3
a2f6._.js:40:59407)
    at q (D:\Projects\School\school-management-web\.next\server\chunks\ssr\_0e3
a2f6._.js:58:68)
    at l (D:\Projects\School\school-management-web\.next\server\chunks\ssr\_0-y
yy9j._.js:2:19199)
    at j (D:\Projects\School\school-management-web\.next\server\chunks\ssr\[roo
t-of-the-server]__0210jst._.js:1:6583)
    at stringify (<anonymous>) {
  description: "Route /super-admin/admins couldn't be rendered statically 
because it used `cookies`. See more info here: 
https://nextjs.org/docs/messages/dynamic-server-error",
  digest: 'DYNAMIC_SERVER_USAGE'
}
Error in getCurrentUser: Error: Dynamic server usage: Route /teacher/students 
couldn't be rendered statically because it used `cookies`. See more info here: 
https://nextjs.org/docs/messages/dynamic-server-error
    at y (D:\Projects\School\school-management-web\.next\server\chunks\ssr\_0e3
a2f6._.js:1:12426)
    at n (D:\Projects\School\school-management-web\.next\server\chunks\ssr\_0e3
a2f6._.js:40:59407)
    at q (D:\Projects\School\school-management-web\.next\server\chunks\ssr\_0e3
a2f6._.js:58:68)
    at l (D:\Projects\School\school-management-web\.next\server\chunks\ssr\_0-y
yy9j._.js:2:19199)
    at j (D:\Projects\School\school-management-web\.next\server\chunks\ssr\[roo
t-of-the-server]__0210jst._.js:1:6583)
    at stringify (<anonymous>) {
  description: "Route /teacher/students couldn't be rendered statically 
because it used `cookies`. See more info here: 
https://nextjs.org/docs/messages/dynamic-server-error",
  digest: 'DYNAMIC_SERVER_USAGE'
}
Error in getCurrentUser: Error: Dynamic server usage: Route /teacher/students 
couldn't be rendered statically because it used `cookies`. See more info here: 
https://nextjs.org/docs/messages/dynamic-server-error
    at y (D:\Projects\School\school-management-web\.next\server\chunks\ssr\_0e3
a2f6._.js:1:12426)
    at n (D:\Projects\School\school-management-web\.next\server\chunks\ssr\_0e3
a2f6._.js:40:59407)
    at q (D:\Projects\School\school-management-web\.next\server\chunks\ssr\_0e3
a2f6._.js:58:68)
    at l (D:\Projects\School\school-management-web\.next\server\chunks\ssr\_0-y
yy9j._.js:2:19199)
    at l (D:\Projects\School\school-management-web\.next\server\chunks\ssr\src_
app_0wau2hf._.js:1:8812)
    at stringify (<anonymous>) {
  description: "Route /teacher/students couldn't be rendered statically 
because it used `cookies`. See more info here: 
https://nextjs.org/docs/messages/dynamic-server-error",
  digest: 'DYNAMIC_SERVER_USAGE'
}
Error in getCurrentUser: Error: Dynamic server usage: Route 
/super-admin/admins couldn't be rendered statically because it used `cookies`. 
See more info here: https://nextjs.org/docs/messages/dynamic-server-error
    at y (D:\Projects\School\school-management-web\.next\server\chunks\ssr\_0e3
a2f6._.js:1:12426)
    at n (D:\Projects\School\school-management-web\.next\server\chunks\ssr\_0e3
a2f6._.js:40:59407)
    at q (D:\Projects\School\school-management-web\.next\server\chunks\ssr\_0e3
a2f6._.js:58:68)
    at l (D:\Projects\School\school-management-web\.next\server\chunks\ssr\_0-y
yy9j._.js:2:19199)
    at l (D:\Projects\School\school-management-web\.next\server\chunks\ssr\src_
app_0wau2hf._.js:1:8812)
    at stringify (<anonymous>) {
  description: "Route /super-admin/admins couldn't be rendered statically 
because it used `cookies`. See more info here: 
https://nextjs.org/docs/messages/dynamic-server-error",
  digest: 'DYNAMIC_SERVER_USAGE'
}
Error in getCurrentUser: Error: Dynamic server usage: Route /admin/settings 
couldn't be rendered statically because it used `cookies`. See more info here: 
https://nextjs.org/docs/messages/dynamic-server-error
    at y (D:\Projects\School\school-management-web\.next\server\chunks\ssr\_0e3
a2f6._.js:1:12426)
    at n (D:\Projects\School\school-management-web\.next\server\chunks\ssr\_0e3
a2f6._.js:40:59407)
    at q (D:\Projects\School\school-management-web\.next\server\chunks\ssr\_0e3
a2f6._.js:58:68)
    at l (D:\Projects\School\school-management-web\.next\server\chunks\ssr\_0-y
yy9j._.js:2:19199)
    at j (D:\Projects\School\school-management-web\.next\server\chunks\ssr\[roo
t-of-the-server]__0210jst._.js:1:6583)
    at stringify (<anonymous>) {
  description: "Route /admin/settings couldn't be rendered statically because 
it used `cookies`. See more info here: 
https://nextjs.org/docs/messages/dynamic-server-error",
  digest: 'DYNAMIC_SERVER_USAGE'
}
Error in getCurrentUser: Error: Dynamic server usage: Route /admin/settings 
couldn't be rendered statically because it used `cookies`. See more info here: 
https://nextjs.org/docs/messages/dynamic-server-error
    at y (D:\Projects\School\school-management-web\.next\server\chunks\ssr\_0e3
a2f6._.js:1:12426)
    at n (D:\Projects\School\school-management-web\.next\server\chunks\ssr\_0e3
a2f6._.js:40:59407)
    at q (D:\Projects\School\school-management-web\.next\server\chunks\ssr\_0e3
a2f6._.js:58:68)
    at l (D:\Projects\School\school-management-web\.next\server\chunks\ssr\_0-y
yy9j._.js:2:19199)
    at l (D:\Projects\School\school-management-web\.next\server\chunks\ssr\src_
app_0wau2hf._.js:1:8812)
    at stringify (<anonymous>) {
  description: "Route /admin/settings couldn't be rendered statically because 
it used `cookies`. See more info here: 
https://nextjs.org/docs/messages/dynamic-server-error",
  digest: 'DYNAMIC_SERVER_USAGE'
}
Error in getCurrentUser: Error: Dynamic server usage: Route /_not-found 
couldn't be rendered statically because it used `cookies`. See more info here: 
https://nextjs.org/docs/messages/dynamic-server-error
    at y (D:\Projects\School\school-management-web\.next\server\chunks\ssr\_0e3
a2f6._.js:1:12426)
    at n (D:\Projects\School\school-management-web\.next\server\chunks\ssr\_0e3
a2f6._.js:40:59407)
    at q (D:\Projects\School\school-management-web\.next\server\chunks\ssr\_0e3
a2f6._.js:58:68)
    at l (D:\Projects\School\school-management-web\.next\server\chunks\ssr\_0-y
yy9j._.js:2:19199)
    at j (D:\Projects\School\school-management-web\.next\server\chunks\ssr\[roo
t-of-the-server]__0210jst._.js:1:6583)
    at stringify (<anonymous>) {
  description: "Route /_not-found couldn't be rendered statically because it 
used `cookies`. See more info here: 
https://nextjs.org/docs/messages/dynamic-server-error",
  digest: 'DYNAMIC_SERVER_USAGE'
}
Error in getCurrentUser: Error: Dynamic server usage: Route /forgot-password 
couldn't be rendered statically because it used `cookies`. See more info here: 
https://nextjs.org/docs/messages/dynamic-server-error
    at y (D:\Projects\School\school-management-web\.next\server\chunks\ssr\_0e3
a2f6._.js:1:12426)
    at n (D:\Projects\School\school-management-web\.next\server\chunks\ssr\_0e3
a2f6._.js:40:59407)
    at q (D:\Projects\School\school-management-web\.next\server\chunks\ssr\_0e3
a2f6._.js:58:68)
    at l (D:\Projects\School\school-management-web\.next\server\chunks\ssr\_0-y
yy9j._.js:2:19199)
    at j (D:\Projects\School\school-management-web\.next\server\chunks\ssr\[roo
t-of-the-server]__0210jst._.js:1:6583)
    at stringify (<anonymous>) {
  description: "Route /forgot-password couldn't be rendered statically because 
it used `cookies`. See more info here: 
https://nextjs.org/docs/messages/dynamic-server-error",
  digest: 'DYNAMIC_SERVER_USAGE'
}
Error in getCurrentUser: Error: Dynamic server usage: Route /login couldn't be 
rendered statically because it used `cookies`. See more info here: 
https://nextjs.org/docs/messages/dynamic-server-error
    at y (D:\Projects\School\school-management-web\.next\server\chunks\ssr\_0e3
a2f6._.js:1:12426)
    at n (D:\Projects\School\school-management-web\.next\server\chunks\ssr\_0e3
a2f6._.js:40:59407)
    at q (D:\Projects\School\school-management-web\.next\server\chunks\ssr\_0e3
a2f6._.js:58:68)
    at l (D:\Projects\School\school-management-web\.next\server\chunks\ssr\_0-y
yy9j._.js:2:19199)
    at j (D:\Projects\School\school-management-web\.next\server\chunks\ssr\[roo
t-of-the-server]__0210jst._.js:1:6583)
    at stringify (<anonymous>) {
  description: "Route /login couldn't be rendered statically because it used 
`cookies`. See more info here: 
https://nextjs.org/docs/messages/dynamic-server-error",
  digest: 'DYNAMIC_SERVER_USAGE'
}
Error in getCurrentUser: Error: Dynamic server usage: Route 
/teacher/timetable/builder couldn't be rendered statically because it used 
`cookies`. See more info here: 
https://nextjs.org/docs/messages/dynamic-server-error
    at y (D:\Projects\School\school-management-web\.next\server\chunks\ssr\_0e3
a2f6._.js:1:12426)
    at n (D:\Projects\School\school-management-web\.next\server\chunks\ssr\_0e3
a2f6._.js:40:59407)
    at q (D:\Projects\School\school-management-web\.next\server\chunks\ssr\_0e3
a2f6._.js:58:68)
    at l (D:\Projects\School\school-management-web\.next\server\chunks\ssr\_0-y
yy9j._.js:2:19199)
    at j (D:\Projects\School\school-management-web\.next\server\chunks\ssr\[roo
t-of-the-server]__0210jst._.js:1:6583)
    at stringify (<anonymous>) {
  description: "Route /teacher/timetable/builder couldn't be rendered 
statically because it used `cookies`. See more info here: 
https://nextjs.org/docs/messages/dynamic-server-error",
  digest: 'DYNAMIC_SERVER_USAGE'
}
Error in getCurrentUser: Error: Dynamic server usage: Route 
/teacher/timetable/builder couldn't be rendered statically because it used 
`cookies`. See more info here: 
https://nextjs.org/docs/messages/dynamic-server-error
    at y (D:\Projects\School\school-management-web\.next\server\chunks\ssr\_0e3
a2f6._.js:1:12426)
    at n (D:\Projects\School\school-management-web\.next\server\chunks\ssr\_0e3
a2f6._.js:40:59407)
    at q (D:\Projects\School\school-management-web\.next\server\chunks\ssr\_0e3
a2f6._.js:58:68)
    at l (D:\Projects\School\school-management-web\.next\server\chunks\ssr\_0-y
yy9j._.js:2:19199)
    at l (D:\Projects\School\school-management-web\.next\server\chunks\ssr\src_
app_0wau2hf._.js:1:8812)
    at stringify (<anonymous>) {
  description: "Route /teacher/timetable/builder couldn't be rendered 
statically because it used `cookies`. See more info here: 
https://nextjs.org/docs/messages/dynamic-server-error",
  digest: 'DYNAMIC_SERVER_USAGE'
}
Error in getCurrentUser: Error: Dynamic server usage: Route /pending couldn't 
be rendered statically because it used `cookies`. See more info here: 
https://nextjs.org/docs/messages/dynamic-server-error
    at y (D:\Projects\School\school-management-web\.next\server\chunks\ssr\_0e3
a2f6._.js:1:12426)
    at n (D:\Projects\School\school-management-web\.next\server\chunks\ssr\_0e3
a2f6._.js:40:59407)
    at q (D:\Projects\School\school-management-web\.next\server\chunks\ssr\_0e3
a2f6._.js:58:68)
    at l (D:\Projects\School\school-management-web\.next\server\chunks\ssr\_0-y
yy9j._.js:2:19199)
    at j (D:\Projects\School\school-management-web\.next\server\chunks\ssr\[roo
t-of-the-server]__0210jst._.js:1:6583)
    at stringify (<anonymous>) {
  description: "Route /pending couldn't be rendered statically because it used 
`cookies`. See more info here: 
https://nextjs.org/docs/messages/dynamic-server-error",
  digest: 'DYNAMIC_SERVER_USAGE'
}
Error in getCurrentUser: Error: Dynamic server usage: Route /profile/setup 
couldn't be rendered statically because it used `cookies`. See more info here: 
https://nextjs.org/docs/messages/dynamic-server-error
    at y (D:\Projects\School\school-management-web\.next\server\chunks\ssr\_0e3
a2f6._.js:1:12426)
    at n (D:\Projects\School\school-management-web\.next\server\chunks\ssr\_0e3
a2f6._.js:40:59407)
    at q (D:\Projects\School\school-management-web\.next\server\chunks\ssr\_0e3
a2f6._.js:58:68)
    at l (D:\Projects\School\school-management-web\.next\server\chunks\ssr\_0-y
yy9j._.js:2:19199)
    at j (D:\Projects\School\school-management-web\.next\server\chunks\ssr\[roo
t-of-the-server]__0210jst._.js:1:6583)
    at stringify (<anonymous>) {
  description: "Route /profile/setup couldn't be rendered statically because 
it used `cookies`. See more info here: 
https://nextjs.org/docs/messages/dynamic-server-error",
  digest: 'DYNAMIC_SERVER_USAGE'
}
Error in getCurrentUser: Error: Dynamic server usage: Route /profile/setup 
couldn't be rendered statically because it used `cookies`. See more info here: 
https://nextjs.org/docs/messages/dynamic-server-error
    at y (D:\Projects\School\school-management-web\.next\server\chunks\ssr\_0e3
a2f6._.js:1:12426)
    at n (D:\Projects\School\school-management-web\.next\server\chunks\ssr\_0e3
a2f6._.js:40:59407)
    at q (D:\Projects\School\school-management-web\.next\server\chunks\ssr\_0e3
a2f6._.js:58:68)
    at l (D:\Projects\School\school-management-web\.next\server\chunks\ssr\_0-y
yy9j._.js:2:19199)
    at l (D:\Projects\School\school-management-web\.next\server\chunks\ssr\src_
app_0wau2hf._.js:1:8812)
    at stringify (<anonymous>) {
  description: "Route /profile/setup couldn't be rendered statically because 
it used `cookies`. See more info here: 
https://nextjs.org/docs/messages/dynamic-server-error",
  digest: 'DYNAMIC_SERVER_USAGE'
}
Error in getCurrentUser: Error: Dynamic server usage: Route /teacher/syllabus 
couldn't be rendered statically because it used `cookies`. See more info here: 
https://nextjs.org/docs/messages/dynamic-server-error
    at y (D:\Projects\School\school-management-web\.next\server\chunks\ssr\_0e3
a2f6._.js:1:12426)
    at n (D:\Projects\School\school-management-web\.next\server\chunks\ssr\_0e3
a2f6._.js:40:59407)
    at q (D:\Projects\School\school-management-web\.next\server\chunks\ssr\_0e3
a2f6._.js:58:68)
    at l (D:\Projects\School\school-management-web\.next\server\chunks\ssr\_0-y
yy9j._.js:2:19199)
    at j (D:\Projects\School\school-management-web\.next\server\chunks\ssr\[roo
t-of-the-server]__0210jst._.js:1:6583)
    at stringify (<anonymous>) {
  description: "Route /teacher/syllabus couldn't be rendered statically 
because it used `cookies`. See more info here: 
https://nextjs.org/docs/messages/dynamic-server-error",
  digest: 'DYNAMIC_SERVER_USAGE'
}
Error in getCurrentUser: Error: Dynamic server usage: Route /teacher/syllabus 
couldn't be rendered statically because it used `cookies`. See more info here: 
https://nextjs.org/docs/messages/dynamic-server-error
    at y (D:\Projects\School\school-management-web\.next\server\chunks\ssr\_0e3
a2f6._.js:1:12426)
    at n (D:\Projects\School\school-management-web\.next\server\chunks\ssr\_0e3
a2f6._.js:40:59407)
    at q (D:\Projects\School\school-management-web\.next\server\chunks\ssr\_0e3
a2f6._.js:58:68)
    at l (D:\Projects\School\school-management-web\.next\server\chunks\ssr\_0-y
yy9j._.js:2:19199)
    at l (D:\Projects\School\school-management-web\.next\server\chunks\ssr\src_
app_0wau2hf._.js:1:8812)
    at stringify (<anonymous>) {
  description: "Route /teacher/syllabus couldn't be rendered statically 
because it used `cookies`. See more info here: 
https://nextjs.org/docs/messages/dynamic-server-error",
  digest: 'DYNAMIC_SERVER_USAGE'
}
Error in getCurrentUser: Error: Dynamic server usage: Route 
/super-admin/schools/new couldn't be rendered statically because it used 
`cookies`. See more info here: 
https://nextjs.org/docs/messages/dynamic-server-error
    at y (D:\Projects\School\school-management-web\.next\server\chunks\ssr\_0e3
a2f6._.js:1:12426)
    at n (D:\Projects\School\school-management-web\.next\server\chunks\ssr\_0e3
a2f6._.js:40:59407)
    at q (D:\Projects\School\school-management-web\.next\server\chunks\ssr\_0e3
a2f6._.js:58:68)
    at l (D:\Projects\School\school-management-web\.next\server\chunks\ssr\_0-y
yy9j._.js:2:19199)
    at j (D:\Projects\School\school-management-web\.next\server\chunks\ssr\[roo
t-of-the-server]__0210jst._.js:1:6583)
    at stringify (<anonymous>) {
  description: "Route /super-admin/schools/new couldn't be rendered statically 
because it used `cookies`. See more info here: 
https://nextjs.org/docs/messages/dynamic-server-error",
  digest: 'DYNAMIC_SERVER_USAGE'
}
Error in getCurrentUser: Error: Dynamic server usage: Route 
/super-admin/schools/new couldn't be rendered statically because it used 
`cookies`. See more info here: 
https://nextjs.org/docs/messages/dynamic-server-error
    at y (D:\Projects\School\school-management-web\.next\server\chunks\ssr\_0e3
a2f6._.js:1:12426)
    at n (D:\Projects\School\school-management-web\.next\server\chunks\ssr\_0e3
a2f6._.js:40:59407)
    at q (D:\Projects\School\school-management-web\.next\server\chunks\ssr\_0e3
a2f6._.js:58:68)
    at l (D:\Projects\School\school-management-web\.next\server\chunks\ssr\_0-y
yy9j._.js:2:19199)
    at l (D:\Projects\School\school-management-web\.next\server\chunks\ssr\src_
app_0wau2hf._.js:1:8812)
    at stringify (<anonymous>) {
  description: "Route /super-admin/schools/new couldn't be rendered statically 
because it used `cookies`. See more info here: 
https://nextjs.org/docs/messages/dynamic-server-error",
  digest: 'DYNAMIC_SERVER_USAGE'
}
Error in getCurrentUser: Error: Dynamic server usage: Route /reset-password 
couldn't be rendered statically because it used `cookies`. See more info here: 
https://nextjs.org/docs/messages/dynamic-server-error
    at y (D:\Projects\School\school-management-web\.next\server\chunks\ssr\_0e3
a2f6._.js:1:12426)
    at n (D:\Projects\School\school-management-web\.next\server\chunks\ssr\_0e3
a2f6._.js:40:59407)
    at q (D:\Projects\School\school-management-web\.next\server\chunks\ssr\_0e3
a2f6._.js:58:68)
    at l (D:\Projects\School\school-management-web\.next\server\chunks\ssr\_0-y
yy9j._.js:2:19199)
    at j (D:\Projects\School\school-management-web\.next\server\chunks\ssr\[roo
t-of-the-server]__0210jst._.js:1:6583)
    at stringify (<anonymous>) {
  description: "Route /reset-password couldn't be rendered statically because 
it used `cookies`. See more info here: 
https://nextjs.org/docs/messages/dynamic-server-error",
  digest: 'DYNAMIC_SERVER_USAGE'
}
Error in getCurrentUser: Error: Dynamic server usage: Route /teacher/timetable 
couldn't be rendered statically because it used `cookies`. See more info here: 
https://nextjs.org/docs/messages/dynamic-server-error
    at y (D:\Projects\School\school-management-web\.next\server\chunks\ssr\_0e3
a2f6._.js:1:12426)
    at n (D:\Projects\School\school-management-web\.next\server\chunks\ssr\_0e3
a2f6._.js:40:59407)
    at q (D:\Projects\School\school-management-web\.next\server\chunks\ssr\_0e3
a2f6._.js:58:68)
    at l (D:\Projects\School\school-management-web\.next\server\chunks\ssr\_0-y
yy9j._.js:2:19199)
    at j (D:\Projects\School\school-management-web\.next\server\chunks\ssr\[roo
t-of-the-server]__0210jst._.js:1:6583)
    at stringify (<anonymous>) {
  description: "Route /teacher/timetable couldn't be rendered statically 
because it used `cookies`. See more info here: 
https://nextjs.org/docs/messages/dynamic-server-error",
  digest: 'DYNAMIC_SERVER_USAGE'
}
Error in getCurrentUser: Error: Dynamic server usage: Route /signup couldn't 
be rendered statically because it used `cookies`. See more info here: 
https://nextjs.org/docs/messages/dynamic-server-error
    at y (D:\Projects\School\school-management-web\.next\server\chunks\ssr\_0e3
a2f6._.js:1:12426)
    at n (D:\Projects\School\school-management-web\.next\server\chunks\ssr\_0e3
a2f6._.js:40:59407)
    at q (D:\Projects\School\school-management-web\.next\server\chunks\ssr\_0e3
a2f6._.js:58:68)
    at l (D:\Projects\School\school-management-web\.next\server\chunks\ssr\_0-y
yy9j._.js:2:19199)
    at j (D:\Projects\School\school-management-web\.next\server\chunks\ssr\[roo
t-of-the-server]__0210jst._.js:1:6583)
    at stringify (<anonymous>) {
  description: "Route /signup couldn't be rendered statically because it used 
`cookies`. See more info here: 
https://nextjs.org/docs/messages/dynamic-server-error",
  digest: 'DYNAMIC_SERVER_USAGE'
}
Error in getCurrentUser: Error: Dynamic server usage: Route /teacher/timetable 
couldn't be rendered statically because it used `cookies`. See more info here: 
https://nextjs.org/docs/messages/dynamic-server-error
    at y (D:\Projects\School\school-management-web\.next\server\chunks\ssr\_0e3
a2f6._.js:1:12426)
    at n (D:\Projects\School\school-management-web\.next\server\chunks\ssr\_0e3
a2f6._.js:40:59407)
    at q (D:\Projects\School\school-management-web\.next\server\chunks\ssr\_0e3
a2f6._.js:58:68)
    at l (D:\Projects\School\school-management-web\.next\server\chunks\ssr\_0-y
yy9j._.js:2:19199)
    at l (D:\Projects\School\school-management-web\.next\server\chunks\ssr\src_
app_0wau2hf._.js:1:8812)
    at stringify (<anonymous>) {
  description: "Route /teacher/timetable couldn't be rendered statically 
because it used `cookies`. See more info here: 
https://nextjs.org/docs/messages/dynamic-server-error",
  digest: 'DYNAMIC_SERVER_USAGE'
}
Error in getCurrentUser: Error: Dynamic server usage: Route /admin couldn't be 
rendered statically because it used `cookies`. See more info here: 
https://nextjs.org/docs/messages/dynamic-server-error
    at y (D:\Projects\School\school-management-web\.next\server\chunks\ssr\_0e3
a2f6._.js:1:12426)
    at n (D:\Projects\School\school-management-web\.next\server\chunks\ssr\_0e3
a2f6._.js:40:59407)
    at q (D:\Projects\School\school-management-web\.next\server\chunks\ssr\_0e3
a2f6._.js:58:68)
    at l (D:\Projects\School\school-management-web\.next\server\chunks\ssr\_0-y
yy9j._.js:2:19199)
    at j (D:\Projects\School\school-management-web\.next\server\chunks\ssr\[roo
t-of-the-server]__0210jst._.js:1:6583)
    at stringify (<anonymous>) {
  description: "Route /admin couldn't be rendered statically because it used 
`cookies`. See more info here: 
https://nextjs.org/docs/messages/dynamic-server-error",
  digest: 'DYNAMIC_SERVER_USAGE'
}
Error in getCurrentUser: Error: Dynamic server usage: Route /admin couldn't be 
rendered statically because it used `cookies`. See more info here: 
https://nextjs.org/docs/messages/dynamic-server-error
    at y (D:\Projects\School\school-management-web\.next\server\chunks\ssr\_0e3
a2f6._.js:1:12426)
    at n (D:\Projects\School\school-management-web\.next\server\chunks\ssr\_0e3
a2f6._.js:40:59407)
    at q (D:\Projects\School\school-management-web\.next\server\chunks\ssr\_0e3
a2f6._.js:58:68)
    at l (D:\Projects\School\school-management-web\.next\server\chunks\ssr\_0-y
yy9j._.js:2:19199)
    at l (D:\Projects\School\school-management-web\.next\server\chunks\ssr\src_
app_0wau2hf._.js:1:8812)
    at stringify (<anonymous>) {
  description: "Route /admin couldn't be rendered statically because it used 
`cookies`. See more info here: 
https://nextjs.org/docs/messages/dynamic-server-error",
  digest: 'DYNAMIC_SERVER_USAGE'
}
Error in getCurrentUser: Error: Dynamic server usage: Route /admin couldn't be 
rendered statically because it used `cookies`. See more info here: 
https://nextjs.org/docs/messages/dynamic-server-error
    at y (D:\Projects\School\school-management-web\.next\server\chunks\ssr\_0e3
a2f6._.js:1:12426)
    at n (D:\Projects\School\school-management-web\.next\server\chunks\ssr\_0e3
a2f6._.js:40:59407)
    at q (D:\Projects\School\school-management-web\.next\server\chunks\ssr\_0e3
a2f6._.js:58:68)
    at l (D:\Projects\School\school-management-web\.next\server\chunks\ssr\_0-y
yy9j._.js:2:19199)
    at g (D:\Projects\School\school-management-web\.next\server\chunks\ssr\[roo
t-of-the-server]__0t~4h.j._.js:1:3114)
    at stringify (<anonymous>) {
  description: "Route /admin couldn't be rendered statically because it used 
`cookies`. See more info here: 
https://nextjs.org/docs/messages/dynamic-server-error",
  digest: 'DYNAMIC_SERVER_USAGE'
}
Error in getCurrentUser: Error: Dynamic server usage: Route /admin/students 
couldn't be rendered statically because it used `cookies`. See more info here: 
https://nextjs.org/docs/messages/dynamic-server-error
    at y (D:\Projects\School\school-management-web\.next\server\chunks\ssr\_0e3
a2f6._.js:1:12426)
    at n (D:\Projects\School\school-management-web\.next\server\chunks\ssr\_0e3
a2f6._.js:40:59407)
    at q (D:\Projects\School\school-management-web\.next\server\chunks\ssr\_0e3
a2f6._.js:58:68)
    at l (D:\Projects\School\school-management-web\.next\server\chunks\ssr\_0-y
yy9j._.js:2:19199)
    at j (D:\Projects\School\school-management-web\.next\server\chunks\ssr\[roo
t-of-the-server]__0210jst._.js:1:6583)
    at stringify (<anonymous>) {
  description: "Route /admin/students couldn't be rendered statically because 
it used `cookies`. See more info here: 
https://nextjs.org/docs/messages/dynamic-server-error",
  digest: 'DYNAMIC_SERVER_USAGE'
}
Error in getCurrentUser: Error: Dynamic server usage: Route /admin/students 
couldn't be rendered statically because it used `cookies`. See more info here: 
https://nextjs.org/docs/messages/dynamic-server-error
    at y (D:\Projects\School\school-management-web\.next\server\chunks\ssr\_0e3
a2f6._.js:1:12426)
    at n (D:\Projects\School\school-management-web\.next\server\chunks\ssr\_0e3
a2f6._.js:40:59407)
    at q (D:\Projects\School\school-management-web\.next\server\chunks\ssr\_0e3
a2f6._.js:58:68)
    at l (D:\Projects\School\school-management-web\.next\server\chunks\ssr\_0-y
yy9j._.js:2:19199)
    at l (D:\Projects\School\school-management-web\.next\server\chunks\ssr\src_
app_0wau2hf._.js:1:8812)
    at stringify (<anonymous>) {
  description: "Route /admin/students couldn't be rendered statically because 
it used `cookies`. See more info here: 
https://nextjs.org/docs/messages/dynamic-server-error",
  digest: 'DYNAMIC_SERVER_USAGE'
}
Error in getCurrentUser: Error: Dynamic server usage: Route /admin/students 
couldn't be rendered statically because it used `cookies`. See more info here: 
https://nextjs.org/docs/messages/dynamic-server-error
    at y (D:\Projects\School\school-management-web\.next\server\chunks\ssr\_0e3
a2f6._.js:1:12426)
    at n (D:\Projects\School\school-management-web\.next\server\chunks\ssr\_0e3
a2f6._.js:40:59407)
    at q (D:\Projects\School\school-management-web\.next\server\chunks\ssr\_0e3
a2f6._.js:58:68)
    at l (D:\Projects\School\school-management-web\.next\server\chunks\ssr\_0-y
yy9j._.js:2:19199)
    at i (D:\Projects\School\school-management-web\.next\server\chunks\ssr\[roo
t-of-the-server]__05nvlz7._.js:1:3480)
    at stringify (<anonymous>) {
  description: "Route /admin/students couldn't be rendered statically because 
it used `cookies`. See more info here: 
https://nextjs.org/docs/messages/dynamic-server-error",
  digest: 'DYNAMIC_SERVER_USAGE'
}
Error in getCurrentUser: Error: Dynamic server usage: Route 
/super-admin/approvals couldn't be rendered statically because it used 
`cookies`. See more info here: 
https://nextjs.org/docs/messages/dynamic-server-error
    at y (D:\Projects\School\school-management-web\.next\server\chunks\ssr\_0e3
a2f6._.js:1:12426)
    at n (D:\Projects\School\school-management-web\.next\server\chunks\ssr\_0e3
a2f6._.js:40:59407)
    at q (D:\Projects\School\school-management-web\.next\server\chunks\ssr\_0e3
a2f6._.js:58:68)
    at l (D:\Projects\School\school-management-web\.next\server\chunks\ssr\_0-y
yy9j._.js:2:19199)
    at j (D:\Projects\School\school-management-web\.next\server\chunks\ssr\[roo
t-of-the-server]__0210jst._.js:1:6583)
    at stringify (<anonymous>) {
  description: "Route /super-admin/approvals couldn't be rendered statically 
because it used `cookies`. See more info here: 
https://nextjs.org/docs/messages/dynamic-server-error",
  digest: 'DYNAMIC_SERVER_USAGE'
}
Error in getCurrentUser: Error: Dynamic server usage: Route 
/super-admin/approvals couldn't be rendered statically because it used 
`cookies`. See more info here: 
https://nextjs.org/docs/messages/dynamic-server-error
    at y (D:\Projects\School\school-management-web\.next\server\chunks\ssr\_0e3
a2f6._.js:1:12426)
    at n (D:\Projects\School\school-management-web\.next\server\chunks\ssr\_0e3
a2f6._.js:40:59407)
    at q (D:\Projects\School\school-management-web\.next\server\chunks\ssr\_0e3
a2f6._.js:58:68)
    at l (D:\Projects\School\school-management-web\.next\server\chunks\ssr\_0-y
yy9j._.js:2:19199)
    at l (D:\Projects\School\school-management-web\.next\server\chunks\ssr\src_
app_0wau2hf._.js:1:8812)
    at stringify (<anonymous>) {
  description: "Route /super-admin/approvals couldn't be rendered statically 
because it used `cookies`. See more info here: 
https://nextjs.org/docs/messages/dynamic-server-error",
  digest: 'DYNAMIC_SERVER_USAGE'
}
Error in getCurrentUser: Error: Dynamic server usage: Route 
/admin/announcements couldn't be rendered statically because it used 
`cookies`. See more info here: 
https://nextjs.org/docs/messages/dynamic-server-error
    at y (D:\Projects\School\school-management-web\.next\server\chunks\ssr\_0e3
a2f6._.js:1:12426)
    at n (D:\Projects\School\school-management-web\.next\server\chunks\ssr\_0e3
a2f6._.js:40:59407)
    at q (D:\Projects\School\school-management-web\.next\server\chunks\ssr\_0e3
a2f6._.js:58:68)
    at l (D:\Projects\School\school-management-web\.next\server\chunks\ssr\_0-y
yy9j._.js:2:19199)
    at j (D:\Projects\School\school-management-web\.next\server\chunks\ssr\[roo
t-of-the-server]__0210jst._.js:1:6583)
    at stringify (<anonymous>) {
  description: "Route /admin/announcements couldn't be rendered statically 
because it used `cookies`. See more info here: 
https://nextjs.org/docs/messages/dynamic-server-error",
  digest: 'DYNAMIC_SERVER_USAGE'
}
Error in getCurrentUser: Error: Dynamic server usage: Route 
/admin/announcements couldn't be rendered statically because it used 
`cookies`. See more info here: 
https://nextjs.org/docs/messages/dynamic-server-error
    at y (D:\Projects\School\school-management-web\.next\server\chunks\ssr\_0e3
a2f6._.js:1:12426)
    at n (D:\Projects\School\school-management-web\.next\server\chunks\ssr\_0e3
a2f6._.js:40:59407)
    at q (D:\Projects\School\school-management-web\.next\server\chunks\ssr\_0e3
a2f6._.js:58:68)
    at l (D:\Projects\School\school-management-web\.next\server\chunks\ssr\_0-y
yy9j._.js:2:19199)
    at l (D:\Projects\School\school-management-web\.next\server\chunks\ssr\src_
app_0wau2hf._.js:1:8812)
    at stringify (<anonymous>) {
  description: "Route /admin/announcements couldn't be rendered statically 
because it used `cookies`. See more info here: 
https://nextjs.org/docs/messages/dynamic-server-error",
  digest: 'DYNAMIC_SERVER_USAGE'
}
Error in getCurrentUser: Error: Dynamic server usage: Route 
/super-admin/notifications couldn't be rendered statically because it used 
`cookies`. See more info here: 
https://nextjs.org/docs/messages/dynamic-server-error
    at y (D:\Projects\School\school-management-web\.next\server\chunks\ssr\_0e3
a2f6._.js:1:12426)
    at n (D:\Projects\School\school-management-web\.next\server\chunks\ssr\_0e3
a2f6._.js:40:59407)
    at q (D:\Projects\School\school-management-web\.next\server\chunks\ssr\_0e3
a2f6._.js:58:68)
    at l (D:\Projects\School\school-management-web\.next\server\chunks\ssr\_0-y
yy9j._.js:2:19199)
    at j (D:\Projects\School\school-management-web\.next\server\chunks\ssr\[roo
t-of-the-server]__0210jst._.js:1:6583)
    at stringify (<anonymous>) {
  description: "Route /super-admin/notifications couldn't be rendered 
statically because it used `cookies`. See more info here: 
https://nextjs.org/docs/messages/dynamic-server-error",
  digest: 'DYNAMIC_SERVER_USAGE'
}
Error in getCurrentUser: Error: Dynamic server usage: Route 
/super-admin/notifications couldn't be rendered statically because it used 
`cookies`. See more info here: 
https://nextjs.org/docs/messages/dynamic-server-error
    at y (D:\Projects\School\school-management-web\.next\server\chunks\ssr\_0e3
a2f6._.js:1:12426)
    at n (D:\Projects\School\school-management-web\.next\server\chunks\ssr\_0e3
a2f6._.js:40:59407)
    at q (D:\Projects\School\school-management-web\.next\server\chunks\ssr\_0e3
a2f6._.js:58:68)
    at l (D:\Projects\School\school-management-web\.next\server\chunks\ssr\_0-y
yy9j._.js:2:19199)
    at l (D:\Projects\School\school-management-web\.next\server\chunks\ssr\src_
app_0wau2hf._.js:1:8812)
    at stringify (<anonymous>) {
  description: "Route /super-admin/notifications couldn't be rendered 
statically because it used `cookies`. See more info here: 
https://nextjs.org/docs/messages/dynamic-server-error",
  digest: 'DYNAMIC_SERVER_USAGE'
}
Error in getCurrentUser: Error: Dynamic server usage: Route /super-admin 
couldn't be rendered statically because it used `cookies`. See more info here: 
https://nextjs.org/docs/messages/dynamic-server-error
    at y (D:\Projects\School\school-management-web\.next\server\chunks\ssr\_0e3
a2f6._.js:1:12426)
    at n (D:\Projects\School\school-management-web\.next\server\chunks\ssr\_0e3
a2f6._.js:40:59407)
    at q (D:\Projects\School\school-management-web\.next\server\chunks\ssr\_0e3
a2f6._.js:58:68)
    at l (D:\Projects\School\school-management-web\.next\server\chunks\ssr\_0-y
yy9j._.js:2:19199)
    at j (D:\Projects\School\school-management-web\.next\server\chunks\ssr\[roo
t-of-the-server]__0210jst._.js:1:6583)
    at stringify (<anonymous>) {
  description: "Route /super-admin couldn't be rendered statically because it 
used `cookies`. See more info here: 
https://nextjs.org/docs/messages/dynamic-server-error",
  digest: 'DYNAMIC_SERVER_USAGE'
}
Error in getCurrentUser: Error: Dynamic server usage: Route /super-admin 
couldn't be rendered statically because it used `cookies`. See more info here: 
https://nextjs.org/docs/messages/dynamic-server-error
    at y (D:\Projects\School\school-management-web\.next\server\chunks\ssr\_0e3
a2f6._.js:1:12426)
    at n (D:\Projects\School\school-management-web\.next\server\chunks\ssr\_0e3
a2f6._.js:40:59407)
    at q (D:\Projects\School\school-management-web\.next\server\chunks\ssr\_0e3
a2f6._.js:58:68)
    at l (D:\Projects\School\school-management-web\.next\server\chunks\ssr\_0-y
yy9j._.js:2:19199)
    at l (D:\Projects\School\school-management-web\.next\server\chunks\ssr\src_
app_0wau2hf._.js:1:8812)
    at stringify (<anonymous>) {
  description: "Route /super-admin couldn't be rendered statically because it 
used `cookies`. See more info here: 
https://nextjs.org/docs/messages/dynamic-server-error",
  digest: 'DYNAMIC_SERVER_USAGE'
}
Error in getCurrentUser: Error: Dynamic server usage: Route /download-viewer 
couldn't be rendered statically because it used `cookies`. See more info here: 
https://nextjs.org/docs/messages/dynamic-server-error
    at y (D:\Projects\School\school-management-web\.next\server\chunks\ssr\_0e3
a2f6._.js:1:12426)
    at n (D:\Projects\School\school-management-web\.next\server\chunks\ssr\_0e3
a2f6._.js:40:59407)
    at q (D:\Projects\School\school-management-web\.next\server\chunks\ssr\_0e3
a2f6._.js:58:68)
    at l (D:\Projects\School\school-management-web\.next\server\chunks\ssr\_0-y
yy9j._.js:2:19199)
    at j (D:\Projects\School\school-management-web\.next\server\chunks\ssr\[roo
t-of-the-server]__0210jst._.js:1:6583)
    at stringify (<anonymous>) {
  description: "Route /download-viewer couldn't be rendered statically because 
it used `cookies`. See more info here: 
https://nextjs.org/docs/messages/dynamic-server-error",
  digest: 'DYNAMIC_SERVER_USAGE'
}
  Generating static pages using 7 workers (19/77) 
Error in getCurrentUser: Error: Dynamic server usage: Route 
/super-admin/schools couldn't be rendered statically because it used 
`cookies`. See more info here: 
https://nextjs.org/docs/messages/dynamic-server-error
    at y (D:\Projects\School\school-management-web\.next\server\chunks\ssr\_0e3
a2f6._.js:1:12426)
    at n (D:\Projects\School\school-management-web\.next\server\chunks\ssr\_0e3
a2f6._.js:40:59407)
    at q (D:\Projects\School\school-management-web\.next\server\chunks\ssr\_0e3
a2f6._.js:58:68)
    at l (D:\Projects\School\school-management-web\.next\server\chunks\ssr\_0-y
yy9j._.js:2:19199)
    at j (D:\Projects\School\school-management-web\.next\server\chunks\ssr\[roo
t-of-the-server]__0210jst._.js:1:6583)
    at stringify (<anonymous>) {
  description: "Route /super-admin/schools couldn't be rendered statically 
because it used `cookies`. See more info here: 
https://nextjs.org/docs/messages/dynamic-server-error",
  digest: 'DYNAMIC_SERVER_USAGE'
}
Error in getCurrentUser: Error: Dynamic server usage: Route 
/super-admin/schools couldn't be rendered statically because it used 
`cookies`. See more info here: 
https://nextjs.org/docs/messages/dynamic-server-error
    at y (D:\Projects\School\school-management-web\.next\server\chunks\ssr\_0e3
a2f6._.js:1:12426)
    at n (D:\Projects\School\school-management-web\.next\server\chunks\ssr\_0e3
a2f6._.js:40:59407)
    at q (D:\Projects\School\school-management-web\.next\server\chunks\ssr\_0e3
a2f6._.js:58:68)
    at l (D:\Projects\School\school-management-web\.next\server\chunks\ssr\_0-y
yy9j._.js:2:19199)
    at l (D:\Projects\School\school-management-web\.next\server\chunks\ssr\src_
app_0wau2hf._.js:1:8812)
    at stringify (<anonymous>) {
  description: "Route /super-admin/schools couldn't be rendered statically 
because it used `cookies`. See more info here: 
https://nextjs.org/docs/messages/dynamic-server-error",
  digest: 'DYNAMIC_SERVER_USAGE'
}
Error in getCurrentUser: Error: Dynamic server usage: Route / couldn't be 
rendered statically because it used `cookies`. See more info here: 
https://nextjs.org/docs/messages/dynamic-server-error
    at y (D:\Projects\School\school-management-web\.next\server\chunks\ssr\_0e3
a2f6._.js:1:12426)
    at n (D:\Projects\School\school-management-web\.next\server\chunks\ssr\_0e3
a2f6._.js:40:59407)
    at q (D:\Projects\School\school-management-web\.next\server\chunks\ssr\_0e3
a2f6._.js:58:68)
    at l (D:\Projects\School\school-management-web\.next\server\chunks\ssr\_0-y
yy9j._.js:2:19199)
    at j (D:\Projects\School\school-management-web\.next\server\chunks\ssr\[roo
t-of-the-server]__0210jst._.js:1:6583)
    at stringify (<anonymous>) {
  description: "Route / couldn't be rendered statically because it used 
`cookies`. See more info here: 
https://nextjs.org/docs/messages/dynamic-server-error",
  digest: 'DYNAMIC_SERVER_USAGE'
}
Error in getCurrentUser: Error: Dynamic server usage: Route / couldn't be 
rendered statically because it used `cookies`. See more info here: 
https://nextjs.org/docs/messages/dynamic-server-error
    at y (D:\Projects\School\school-management-web\.next\server\chunks\ssr\_0e3
a2f6._.js:1:12426)
    at n (D:\Projects\School\school-management-web\.next\server\chunks\ssr\_0e3
a2f6._.js:40:59407)
    at q (D:\Projects\School\school-management-web\.next\server\chunks\ssr\_0e3
a2f6._.js:58:68)
    at l (D:\Projects\School\school-management-web\.next\server\chunks\ssr\_0-y
yy9j._.js:2:19199)
    at F (D:\Projects\School\school-management-web\.next\server\chunks\ssr\src_
app_page_tsx_0_lf4ed._.js:1:2370)
    at stringify (<anonymous>) {
  description: "Route / couldn't be rendered statically because it used 
`cookies`. See more info here: 
https://nextjs.org/docs/messages/dynamic-server-error",
  digest: 'DYNAMIC_SERVER_USAGE'
}
Error in getCurrentUser: Error: Dynamic server usage: Route 
/admin/attendance/register couldn't be rendered statically because it used 
`cookies`. See more info here: 
https://nextjs.org/docs/messages/dynamic-server-error
    at y (D:\Projects\School\school-management-web\.next\server\chunks\ssr\_0e3
a2f6._.js:1:12426)
    at n (D:\Projects\School\school-management-web\.next\server\chunks\ssr\_0e3
a2f6._.js:40:59407)
    at q (D:\Projects\School\school-management-web\.next\server\chunks\ssr\_0e3
a2f6._.js:58:68)
    at l (D:\Projects\School\school-management-web\.next\server\chunks\ssr\_0-y
yy9j._.js:2:19199)
    at j (D:\Projects\School\school-management-web\.next\server\chunks\ssr\[roo
t-of-the-server]__0210jst._.js:1:6583)
    at stringify (<anonymous>) {
  description: "Route /admin/attendance/register couldn't be rendered 
statically because it used `cookies`. See more info here: 
https://nextjs.org/docs/messages/dynamic-server-error",
  digest: 'DYNAMIC_SERVER_USAGE'
}
Error in getCurrentUser: Error: Dynamic server usage: Route 
/admin/attendance/register couldn't be rendered statically because it used 
`cookies`. See more info here: 
https://nextjs.org/docs/messages/dynamic-server-error
    at y (D:\Projects\School\school-management-web\.next\server\chunks\ssr\_0e3
a2f6._.js:1:12426)
    at n (D:\Projects\School\school-management-web\.next\server\chunks\ssr\_0e3
a2f6._.js:40:59407)
    at q (D:\Projects\School\school-management-web\.next\server\chunks\ssr\_0e3
a2f6._.js:58:68)
    at l (D:\Projects\School\school-management-web\.next\server\chunks\ssr\_0-y
yy9j._.js:2:19199)
    at l (D:\Projects\School\school-management-web\.next\server\chunks\ssr\src_
app_0wau2hf._.js:1:8812)
    at stringify (<anonymous>) {
  description: "Route /admin/attendance/register couldn't be rendered 
statically because it used `cookies`. See more info here: 
https://nextjs.org/docs/messages/dynamic-server-error",
  digest: 'DYNAMIC_SERVER_USAGE'
}
Error in getCurrentUser: Error: Dynamic server usage: Route 
/super-admin/settings couldn't be rendered statically because it used 
`cookies`. See more info here: 
https://nextjs.org/docs/messages/dynamic-server-error
    at y (D:\Projects\School\school-management-web\.next\server\chunks\ssr\_0e3
a2f6._.js:1:12426)
    at n (D:\Projects\School\school-management-web\.next\server\chunks\ssr\_0e3
a2f6._.js:40:59407)
    at q (D:\Projects\School\school-management-web\.next\server\chunks\ssr\_0e3
a2f6._.js:58:68)
    at l (D:\Projects\School\school-management-web\.next\server\chunks\ssr\_0-y
yy9j._.js:2:19199)
    at j (D:\Projects\School\school-management-web\.next\server\chunks\ssr\[roo
t-of-the-server]__0210jst._.js:1:6583)
    at stringify (<anonymous>) {
  description: "Route /super-admin/settings couldn't be rendered statically 
because it used `cookies`. See more info here: 
https://nextjs.org/docs/messages/dynamic-server-error",
  digest: 'DYNAMIC_SERVER_USAGE'
}
Error in getCurrentUser: Error: Dynamic server usage: Route 
/super-admin/settings couldn't be rendered statically because it used 
`cookies`. See more info here: 
https://nextjs.org/docs/messages/dynamic-server-error
    at y (D:\Projects\School\school-management-web\.next\server\chunks\ssr\_0e3
a2f6._.js:1:12426)
    at n (D:\Projects\School\school-management-web\.next\server\chunks\ssr\_0e3
a2f6._.js:40:59407)
    at q (D:\Projects\School\school-management-web\.next\server\chunks\ssr\_0e3
a2f6._.js:58:68)
    at l (D:\Projects\School\school-management-web\.next\server\chunks\ssr\_0-y
yy9j._.js:2:19199)
    at l (D:\Projects\School\school-management-web\.next\server\chunks\ssr\src_
app_0wau2hf._.js:1:8812)
    at stringify (<anonymous>) {
  description: "Route /super-admin/settings couldn't be rendered statically 
because it used `cookies`. See more info here: 
https://nextjs.org/docs/messages/dynamic-server-error",
  digest: 'DYNAMIC_SERVER_USAGE'
}
Error in getCurrentUser: Error: Dynamic server usage: Route 
/teacher/announcements couldn't be rendered statically because it used 
`cookies`. See more info here: 
https://nextjs.org/docs/messages/dynamic-server-error
    at y (D:\Projects\School\school-management-web\.next\server\chunks\ssr\_0e3
a2f6._.js:1:12426)
    at n (D:\Projects\School\school-management-web\.next\server\chunks\ssr\_0e3
a2f6._.js:40:59407)
    at q (D:\Projects\School\school-management-web\.next\server\chunks\ssr\_0e3
a2f6._.js:58:68)
    at l (D:\Projects\School\school-management-web\.next\server\chunks\ssr\_0-y
yy9j._.js:2:19199)
    at j (D:\Projects\School\school-management-web\.next\server\chunks\ssr\[roo
t-of-the-server]__0210jst._.js:1:6583)
    at stringify (<anonymous>) {
  description: "Route /teacher/announcements couldn't be rendered statically 
because it used `cookies`. See more info here: 
https://nextjs.org/docs/messages/dynamic-server-error",
  digest: 'DYNAMIC_SERVER_USAGE'
}
Error in getCurrentUser: Error: Dynamic server usage: Route /admin/approvals 
couldn't be rendered statically because it used `cookies`. See more info here: 
https://nextjs.org/docs/messages/dynamic-server-error
    at y (D:\Projects\School\school-management-web\.next\server\chunks\ssr\_0e3
a2f6._.js:1:12426)
    at n (D:\Projects\School\school-management-web\.next\server\chunks\ssr\_0e3
a2f6._.js:40:59407)
    at q (D:\Projects\School\school-management-web\.next\server\chunks\ssr\_0e3
a2f6._.js:58:68)
    at l (D:\Projects\School\school-management-web\.next\server\chunks\ssr\_0-y
yy9j._.js:2:19199)
    at j (D:\Projects\School\school-management-web\.next\server\chunks\ssr\[roo
t-of-the-server]__0210jst._.js:1:6583)
    at stringify (<anonymous>) {
  description: "Route /admin/approvals couldn't be rendered statically because 
it used `cookies`. See more info here: 
https://nextjs.org/docs/messages/dynamic-server-error",
  digest: 'DYNAMIC_SERVER_USAGE'
}
Error in getCurrentUser: Error: Dynamic server usage: Route /admin/approvals 
couldn't be rendered statically because it used `cookies`. See more info here: 
https://nextjs.org/docs/messages/dynamic-server-error
    at y (D:\Projects\School\school-management-web\.next\server\chunks\ssr\_0e3
a2f6._.js:1:12426)
    at n (D:\Projects\School\school-management-web\.next\server\chunks\ssr\_0e3
a2f6._.js:40:59407)
    at q (D:\Projects\School\school-management-web\.next\server\chunks\ssr\_0e3
a2f6._.js:58:68)
    at l (D:\Projects\School\school-management-web\.next\server\chunks\ssr\_0-y
yy9j._.js:2:19199)
    at l (D:\Projects\School\school-management-web\.next\server\chunks\ssr\src_
app_0wau2hf._.js:1:8812)
    at stringify (<anonymous>) {
  description: "Route /admin/approvals couldn't be rendered statically because 
it used `cookies`. See more info here: 
https://nextjs.org/docs/messages/dynamic-server-error",
  digest: 'DYNAMIC_SERVER_USAGE'
}
Error in getCurrentUser: Error: Dynamic server usage: Route 
/teacher/announcements couldn't be rendered statically because it used 
`cookies`. See more info here: 
https://nextjs.org/docs/messages/dynamic-server-error
    at y (D:\Projects\School\school-management-web\.next\server\chunks\ssr\_0e3
a2f6._.js:1:12426)
    at n (D:\Projects\School\school-management-web\.next\server\chunks\ssr\_0e3
a2f6._.js:40:59407)
    at q (D:\Projects\School\school-management-web\.next\server\chunks\ssr\_0e3
a2f6._.js:58:68)
    at l (D:\Projects\School\school-management-web\.next\server\chunks\ssr\_0-y
yy9j._.js:2:19199)
    at l (D:\Projects\School\school-management-web\.next\server\chunks\ssr\src_
app_0wau2hf._.js:1:8812)
    at stringify (<anonymous>) {
  description: "Route /teacher/announcements couldn't be rendered statically 
because it used `cookies`. See more info here: 
https://nextjs.org/docs/messages/dynamic-server-error",
  digest: 'DYNAMIC_SERVER_USAGE'
}
Error in getCurrentUser: Error: Dynamic server usage: Route 
/admin/attendance-requests couldn't be rendered statically because it used 
`cookies`. See more info here: 
https://nextjs.org/docs/messages/dynamic-server-error
    at y (D:\Projects\School\school-management-web\.next\server\chunks\ssr\_0e3
a2f6._.js:1:12426)
    at n (D:\Projects\School\school-management-web\.next\server\chunks\ssr\_0e3
a2f6._.js:40:59407)
    at q (D:\Projects\School\school-management-web\.next\server\chunks\ssr\_0e3
a2f6._.js:58:68)
    at l (D:\Projects\School\school-management-web\.next\server\chunks\ssr\_0-y
yy9j._.js:2:19199)
    at j (D:\Projects\School\school-management-web\.next\server\chunks\ssr\[roo
t-of-the-server]__0210jst._.js:1:6583)
    at stringify (<anonymous>) {
  description: "Route /admin/attendance-requests couldn't be rendered 
statically because it used `cookies`. See more info here: 
https://nextjs.org/docs/messages/dynamic-server-error",
  digest: 'DYNAMIC_SERVER_USAGE'
}
Error in getCurrentUser: Error: Dynamic server usage: Route 
/admin/attendance-requests couldn't be rendered statically because it used 
`cookies`. See more info here: 
https://nextjs.org/docs/messages/dynamic-server-error
    at y (D:\Projects\School\school-management-web\.next\server\chunks\ssr\_0e3
a2f6._.js:1:12426)
    at n (D:\Projects\School\school-management-web\.next\server\chunks\ssr\_0e3
a2f6._.js:40:59407)
    at q (D:\Projects\School\school-management-web\.next\server\chunks\ssr\_0e3
a2f6._.js:58:68)
    at l (D:\Projects\School\school-management-web\.next\server\chunks\ssr\_0-y
yy9j._.js:2:19199)
    at l (D:\Projects\School\school-management-web\.next\server\chunks\ssr\src_
app_0wau2hf._.js:1:8812)
    at stringify (<anonymous>) {
  description: "Route /admin/attendance-requests couldn't be rendered 
statically because it used `cookies`. See more info here: 
https://nextjs.org/docs/messages/dynamic-server-error",
  digest: 'DYNAMIC_SERVER_USAGE'
}
Error in getCurrentUser: Error: Dynamic server usage: Route /admin/attendance 
couldn't be rendered statically because it used `cookies`. See more info here: 
https://nextjs.org/docs/messages/dynamic-server-error
    at y (D:\Projects\School\school-management-web\.next\server\chunks\ssr\_0e3
a2f6._.js:1:12426)
    at n (D:\Projects\School\school-management-web\.next\server\chunks\ssr\_0e3
a2f6._.js:40:59407)
    at q (D:\Projects\School\school-management-web\.next\server\chunks\ssr\_0e3
a2f6._.js:58:68)
    at l (D:\Projects\School\school-management-web\.next\server\chunks\ssr\_0-y
yy9j._.js:2:19199)
    at j (D:\Projects\School\school-management-web\.next\server\chunks\ssr\[roo
t-of-the-server]__0210jst._.js:1:6583)
    at stringify (<anonymous>) {
  description: "Route /admin/attendance couldn't be rendered statically 
because it used `cookies`. See more info here: 
https://nextjs.org/docs/messages/dynamic-server-error",
  digest: 'DYNAMIC_SERVER_USAGE'
}
Error in getCurrentUser: Error: Dynamic server usage: Route /admin/attendance 
couldn't be rendered statically because it used `cookies`. See more info here: 
https://nextjs.org/docs/messages/dynamic-server-error
    at y (D:\Projects\School\school-management-web\.next\server\chunks\ssr\_0e3
a2f6._.js:1:12426)
    at n (D:\Projects\School\school-management-web\.next\server\chunks\ssr\_0e3
a2f6._.js:40:59407)
    at q (D:\Projects\School\school-management-web\.next\server\chunks\ssr\_0e3
a2f6._.js:58:68)
    at l (D:\Projects\School\school-management-web\.next\server\chunks\ssr\_0-y
yy9j._.js:2:19199)
    at l (D:\Projects\School\school-management-web\.next\server\chunks\ssr\src_
app_0wau2hf._.js:1:8812)
    at stringify (<anonymous>) {
  description: "Route /admin/attendance couldn't be rendered statically 
because it used `cookies`. See more info here: 
https://nextjs.org/docs/messages/dynamic-server-error",
  digest: 'DYNAMIC_SERVER_USAGE'
}
Error in getCurrentUser: Error: Dynamic server usage: Route /admin/campuses 
couldn't be rendered statically because it used `cookies`. See more info here: 
https://nextjs.org/docs/messages/dynamic-server-error
    at y (D:\Projects\School\school-management-web\.next\server\chunks\ssr\_0e3
a2f6._.js:1:12426)
    at n (D:\Projects\School\school-management-web\.next\server\chunks\ssr\_0e3
a2f6._.js:40:59407)
    at q (D:\Projects\School\school-management-web\.next\server\chunks\ssr\_0e3
a2f6._.js:58:68)
    at l (D:\Projects\School\school-management-web\.next\server\chunks\ssr\_0-y
yy9j._.js:2:19199)
    at j (D:\Projects\School\school-management-web\.next\server\chunks\ssr\[roo
t-of-the-server]__0210jst._.js:1:6583)
    at stringify (<anonymous>) {
  description: "Route /admin/campuses couldn't be rendered statically because 
it used `cookies`. See more info here: 
https://nextjs.org/docs/messages/dynamic-server-error",
  digest: 'DYNAMIC_SERVER_USAGE'
}
Error in getCurrentUser: Error: Dynamic server usage: Route /admin/campuses 
couldn't be rendered statically because it used `cookies`. See more info here: 
https://nextjs.org/docs/messages/dynamic-server-error
    at y (D:\Projects\School\school-management-web\.next\server\chunks\ssr\_0e3
a2f6._.js:1:12426)
    at n (D:\Projects\School\school-management-web\.next\server\chunks\ssr\_0e3
a2f6._.js:40:59407)
    at q (D:\Projects\School\school-management-web\.next\server\chunks\ssr\_0e3
a2f6._.js:58:68)
    at l (D:\Projects\School\school-management-web\.next\server\chunks\ssr\_0-y
yy9j._.js:2:19199)
    at l (D:\Projects\School\school-management-web\.next\server\chunks\ssr\src_
app_0wau2hf._.js:1:8812)
    at stringify (<anonymous>) {
  description: "Route /admin/campuses couldn't be rendered statically because 
it used `cookies`. See more info here: 
https://nextjs.org/docs/messages/dynamic-server-error",
  digest: 'DYNAMIC_SERVER_USAGE'
}
Error in getCurrentUser: Error: Dynamic server usage: Route /admin/syllabus 
couldn't be rendered statically because it used `cookies`. See more info here: 
https://nextjs.org/docs/messages/dynamic-server-error
    at y (D:\Projects\School\school-management-web\.next\server\chunks\ssr\_0e3
a2f6._.js:1:12426)
    at n (D:\Projects\School\school-management-web\.next\server\chunks\ssr\_0e3
a2f6._.js:40:59407)
    at q (D:\Projects\School\school-management-web\.next\server\chunks\ssr\_0e3
a2f6._.js:58:68)
    at l (D:\Projects\School\school-management-web\.next\server\chunks\ssr\_0-y
yy9j._.js:2:19199)
    at j (D:\Projects\School\school-management-web\.next\server\chunks\ssr\[roo
t-of-the-server]__0210jst._.js:1:6583)
    at stringify (<anonymous>) {
  description: "Route /admin/syllabus couldn't be rendered statically because 
it used `cookies`. See more info here: 
https://nextjs.org/docs/messages/dynamic-server-error",
  digest: 'DYNAMIC_SERVER_USAGE'
}
Error in getCurrentUser: Error: Dynamic server usage: Route /admin/syllabus 
couldn't be rendered statically because it used `cookies`. See more info here: 
https://nextjs.org/docs/messages/dynamic-server-error
    at y (D:\Projects\School\school-management-web\.next\server\chunks\ssr\_0e3
a2f6._.js:1:12426)
    at n (D:\Projects\School\school-management-web\.next\server\chunks\ssr\_0e3
a2f6._.js:40:59407)
    at q (D:\Projects\School\school-management-web\.next\server\chunks\ssr\_0e3
a2f6._.js:58:68)
    at l (D:\Projects\School\school-management-web\.next\server\chunks\ssr\_0-y
yy9j._.js:2:19199)
    at l (D:\Projects\School\school-management-web\.next\server\chunks\ssr\src_
app_0wau2hf._.js:1:8812)
    at stringify (<anonymous>) {
  description: "Route /admin/syllabus couldn't be rendered statically because 
it used `cookies`. See more info here: 
https://nextjs.org/docs/messages/dynamic-server-error",
  digest: 'DYNAMIC_SERVER_USAGE'
}
Error in getCurrentUser: Error: Dynamic server usage: Route /admin/classrooms 
couldn't be rendered statically because it used `cookies`. See more info here: 
https://nextjs.org/docs/messages/dynamic-server-error
    at y (D:\Projects\School\school-management-web\.next\server\chunks\ssr\_0e3
a2f6._.js:1:12426)
    at n (D:\Projects\School\school-management-web\.next\server\chunks\ssr\_0e3
a2f6._.js:40:59407)
    at q (D:\Projects\School\school-management-web\.next\server\chunks\ssr\_0e3
a2f6._.js:58:68)
    at l (D:\Projects\School\school-management-web\.next\server\chunks\ssr\_0-y
yy9j._.js:2:19199)
    at j (D:\Projects\School\school-management-web\.next\server\chunks\ssr\[roo
t-of-the-server]__0210jst._.js:1:6583)
    at stringify (<anonymous>) {
  description: "Route /admin/classrooms couldn't be rendered statically 
because it used `cookies`. See more info here: 
https://nextjs.org/docs/messages/dynamic-server-error",
  digest: 'DYNAMIC_SERVER_USAGE'
}
Error in getCurrentUser: Error: Dynamic server usage: Route /admin/classrooms 
couldn't be rendered statically because it used `cookies`. See more info here: 
https://nextjs.org/docs/messages/dynamic-server-error
    at y (D:\Projects\School\school-management-web\.next\server\chunks\ssr\_0e3
a2f6._.js:1:12426)
    at n (D:\Projects\School\school-management-web\.next\server\chunks\ssr\_0e3
a2f6._.js:40:59407)
    at q (D:\Projects\School\school-management-web\.next\server\chunks\ssr\_0e3
a2f6._.js:58:68)
    at l (D:\Projects\School\school-management-web\.next\server\chunks\ssr\_0-y
yy9j._.js:2:19199)
    at l (D:\Projects\School\school-management-web\.next\server\chunks\ssr\src_
app_0wau2hf._.js:1:8812)
    at stringify (<anonymous>) {
  description: "Route /admin/classrooms couldn't be rendered statically 
because it used `cookies`. See more info here: 
https://nextjs.org/docs/messages/dynamic-server-error",
  digest: 'DYNAMIC_SERVER_USAGE'
}
Error in getCurrentUser: Error: Dynamic server usage: Route /admin/teachers 
couldn't be rendered statically because it used `cookies`. See more info here: 
https://nextjs.org/docs/messages/dynamic-server-error
    at y (D:\Projects\School\school-management-web\.next\server\chunks\ssr\_0e3
a2f6._.js:1:12426)
    at n (D:\Projects\School\school-management-web\.next\server\chunks\ssr\_0e3
a2f6._.js:40:59407)
    at q (D:\Projects\School\school-management-web\.next\server\chunks\ssr\_0e3
a2f6._.js:58:68)
    at l (D:\Projects\School\school-management-web\.next\server\chunks\ssr\_0-y
yy9j._.js:2:19199)
    at j (D:\Projects\School\school-management-web\.next\server\chunks\ssr\[roo
t-of-the-server]__0210jst._.js:1:6583)
    at stringify (<anonymous>) {
  description: "Route /admin/teachers couldn't be rendered statically because 
it used `cookies`. See more info here: 
https://nextjs.org/docs/messages/dynamic-server-error",
  digest: 'DYNAMIC_SERVER_USAGE'
}
Error in getCurrentUser: Error: Dynamic server usage: Route /admin/teachers 
couldn't be rendered statically because it used `cookies`. See more info here: 
https://nextjs.org/docs/messages/dynamic-server-error
    at y (D:\Projects\School\school-management-web\.next\server\chunks\ssr\_0e3
a2f6._.js:1:12426)
    at n (D:\Projects\School\school-management-web\.next\server\chunks\ssr\_0e3
a2f6._.js:40:59407)
    at q (D:\Projects\School\school-management-web\.next\server\chunks\ssr\_0e3
a2f6._.js:58:68)
    at l (D:\Projects\School\school-management-web\.next\server\chunks\ssr\_0-y
yy9j._.js:2:19199)
    at l (D:\Projects\School\school-management-web\.next\server\chunks\ssr\src_
app_0wau2hf._.js:1:8812)
    at stringify (<anonymous>) {
  description: "Route /admin/teachers couldn't be rendered statically because 
it used `cookies`. See more info here: 
https://nextjs.org/docs/messages/dynamic-server-error",
  digest: 'DYNAMIC_SERVER_USAGE'
}
Error in getCurrentUser: Error: Dynamic server usage: Route /admin/teachers 
couldn't be rendered statically because it used `cookies`. See more info here: 
https://nextjs.org/docs/messages/dynamic-server-error
    at y (D:\Projects\School\school-management-web\.next\server\chunks\ssr\_0e3
a2f6._.js:1:12426)
    at n (D:\Projects\School\school-management-web\.next\server\chunks\ssr\_0e3
a2f6._.js:40:59407)
    at q (D:\Projects\School\school-management-web\.next\server\chunks\ssr\_0e3
a2f6._.js:58:68)
    at l (D:\Projects\School\school-management-web\.next\server\chunks\ssr\_0-y
yy9j._.js:2:19199)
    at i (D:\Projects\School\school-management-web\.next\server\chunks\ssr\[roo
t-of-the-server]__012cqdz._.js:1:3480)
    at stringify (<anonymous>) {
  description: "Route /admin/teachers couldn't be rendered statically because 
it used `cookies`. See more info here: 
https://nextjs.org/docs/messages/dynamic-server-error",
  digest: 'DYNAMIC_SERVER_USAGE'
}
Error in getCurrentUser: Error: Dynamic server usage: Route 
/admin/exam-timetable couldn't be rendered statically because it used 
`cookies`. See more info here: 
https://nextjs.org/docs/messages/dynamic-server-error
    at y (D:\Projects\School\school-management-web\.next\server\chunks\ssr\_0e3
a2f6._.js:1:12426)
    at n (D:\Projects\School\school-management-web\.next\server\chunks\ssr\_0e3
a2f6._.js:40:59407)
    at q (D:\Projects\School\school-management-web\.next\server\chunks\ssr\_0e3
a2f6._.js:58:68)
    at l (D:\Projects\School\school-management-web\.next\server\chunks\ssr\_0-y
yy9j._.js:2:19199)
    at j (D:\Projects\School\school-management-web\.next\server\chunks\ssr\[roo
t-of-the-server]__0210jst._.js:1:6583)
    at stringify (<anonymous>) {
  description: "Route /admin/exam-timetable couldn't be rendered statically 
because it used `cookies`. See more info here: 
https://nextjs.org/docs/messages/dynamic-server-error",
  digest: 'DYNAMIC_SERVER_USAGE'
}
Error in getCurrentUser: Error: Dynamic server usage: Route 
/admin/exam-timetable couldn't be rendered statically because it used 
`cookies`. See more info here: 
https://nextjs.org/docs/messages/dynamic-server-error
    at y (D:\Projects\School\school-management-web\.next\server\chunks\ssr\_0e3
a2f6._.js:1:12426)
    at n (D:\Projects\School\school-management-web\.next\server\chunks\ssr\_0e3
a2f6._.js:40:59407)
    at q (D:\Projects\School\school-management-web\.next\server\chunks\ssr\_0e3
a2f6._.js:58:68)
    at l (D:\Projects\School\school-management-web\.next\server\chunks\ssr\_0-y
yy9j._.js:2:19199)
    at l (D:\Projects\School\school-management-web\.next\server\chunks\ssr\src_
app_0wau2hf._.js:1:8812)
    at stringify (<anonymous>) {
  description: "Route /admin/exam-timetable couldn't be rendered statically 
because it used `cookies`. See more info here: 
https://nextjs.org/docs/messages/dynamic-server-error",
  digest: 'DYNAMIC_SERVER_USAGE'
}
Error in getCurrentUser: Error: Dynamic server usage: Route /admin/fees 
couldn't be rendered statically because it used `cookies`. See more info here: 
https://nextjs.org/docs/messages/dynamic-server-error
    at y (D:\Projects\School\school-management-web\.next\server\chunks\ssr\_0e3
a2f6._.js:1:12426)
    at n (D:\Projects\School\school-management-web\.next\server\chunks\ssr\_0e3
a2f6._.js:40:59407)
    at q (D:\Projects\School\school-management-web\.next\server\chunks\ssr\_0e3
a2f6._.js:58:68)
    at l (D:\Projects\School\school-management-web\.next\server\chunks\ssr\_0-y
yy9j._.js:2:19199)
    at j (D:\Projects\School\school-management-web\.next\server\chunks\ssr\[roo
t-of-the-server]__0210jst._.js:1:6583)
    at stringify (<anonymous>) {
  description: "Route /admin/fees couldn't be rendered statically because it 
used `cookies`. See more info here: 
https://nextjs.org/docs/messages/dynamic-server-error",
  digest: 'DYNAMIC_SERVER_USAGE'
}
Error in getCurrentUser: Error: Dynamic server usage: Route /admin/fees 
couldn't be rendered statically because it used `cookies`. See more info here: 
https://nextjs.org/docs/messages/dynamic-server-error
    at y (D:\Projects\School\school-management-web\.next\server\chunks\ssr\_0e3
a2f6._.js:1:12426)
    at n (D:\Projects\School\school-management-web\.next\server\chunks\ssr\_0e3
a2f6._.js:40:59407)
    at q (D:\Projects\School\school-management-web\.next\server\chunks\ssr\_0e3
a2f6._.js:58:68)
    at l (D:\Projects\School\school-management-web\.next\server\chunks\ssr\_0-y
yy9j._.js:2:19199)
    at l (D:\Projects\School\school-management-web\.next\server\chunks\ssr\src_
app_0wau2hf._.js:1:8812)
    at stringify (<anonymous>) {
  description: "Route /admin/fees couldn't be rendered statically because it 
used `cookies`. See more info here: 
https://nextjs.org/docs/messages/dynamic-server-error",
  digest: 'DYNAMIC_SERVER_USAGE'
}
Error in getCurrentUser: Error: Dynamic server usage: Route /admin/timetable 
couldn't be rendered statically because it used `cookies`. See more info here: 
https://nextjs.org/docs/messages/dynamic-server-error
    at y (D:\Projects\School\school-management-web\.next\server\chunks\ssr\_0e3
a2f6._.js:1:12426)
    at n (D:\Projects\School\school-management-web\.next\server\chunks\ssr\_0e3
a2f6._.js:40:59407)
    at q (D:\Projects\School\school-management-web\.next\server\chunks\ssr\_0e3
a2f6._.js:58:68)
    at l (D:\Projects\School\school-management-web\.next\server\chunks\ssr\_0-y
yy9j._.js:2:19199)
    at j (D:\Projects\School\school-management-web\.next\server\chunks\ssr\[roo
t-of-the-server]__0210jst._.js:1:6583)
    at stringify (<anonymous>) {
  description: "Route /admin/timetable couldn't be rendered statically because 
it used `cookies`. See more info here: 
https://nextjs.org/docs/messages/dynamic-server-error",
  digest: 'DYNAMIC_SERVER_USAGE'
}
Error in getCurrentUser: Error: Dynamic server usage: Route /admin/timetable 
couldn't be rendered statically because it used `cookies`. See more info here: 
https://nextjs.org/docs/messages/dynamic-server-error
    at y (D:\Projects\School\school-management-web\.next\server\chunks\ssr\_0e3
a2f6._.js:1:12426)
    at n (D:\Projects\School\school-management-web\.next\server\chunks\ssr\_0e3
a2f6._.js:40:59407)
    at q (D:\Projects\School\school-management-web\.next\server\chunks\ssr\_0e3
a2f6._.js:58:68)
    at l (D:\Projects\School\school-management-web\.next\server\chunks\ssr\_0-y
yy9j._.js:2:19199)
    at l (D:\Projects\School\school-management-web\.next\server\chunks\ssr\src_
app_0wau2hf._.js:1:8812)
    at stringify (<anonymous>) {
  description: "Route /admin/timetable couldn't be rendered statically because 
it used `cookies`. See more info here: 
https://nextjs.org/docs/messages/dynamic-server-error",
  digest: 'DYNAMIC_SERVER_USAGE'
}
Error in getCurrentUser: Error: Dynamic server usage: Route /profile couldn't 
be rendered statically because it used `cookies`. See more info here: 
https://nextjs.org/docs/messages/dynamic-server-error
    at y (D:\Projects\School\school-management-web\.next\server\chunks\ssr\_0e3
a2f6._.js:1:12426)
    at n (D:\Projects\School\school-management-web\.next\server\chunks\ssr\_0e3
a2f6._.js:40:59407)
    at q (D:\Projects\School\school-management-web\.next\server\chunks\ssr\_0e3
a2f6._.js:58:68)
    at l (D:\Projects\School\school-management-web\.next\server\chunks\ssr\_0-y
yy9j._.js:2:19199)
    at j (D:\Projects\School\school-management-web\.next\server\chunks\ssr\[roo
t-of-the-server]__0210jst._.js:1:6583)
    at stringify (<anonymous>) {
  description: "Route /profile couldn't be rendered statically because it used 
`cookies`. See more info here: 
https://nextjs.org/docs/messages/dynamic-server-error",
  digest: 'DYNAMIC_SERVER_USAGE'
}
Error in getCurrentUser: Error: Dynamic server usage: Route /profile couldn't 
be rendered statically because it used `cookies`. See more info here: 
https://nextjs.org/docs/messages/dynamic-server-error
    at y (D:\Projects\School\school-management-web\.next\server\chunks\ssr\_0e3
a2f6._.js:1:12426)
    at n (D:\Projects\School\school-management-web\.next\server\chunks\ssr\_0e3
a2f6._.js:40:59407)
    at q (D:\Projects\School\school-management-web\.next\server\chunks\ssr\_0e3
a2f6._.js:58:68)
    at l (D:\Projects\School\school-management-web\.next\server\chunks\ssr\_0-y
yy9j._.js:2:19199)
    at l (D:\Projects\School\school-management-web\.next\server\chunks\ssr\src_
app_0wau2hf._.js:1:8812)
    at stringify (<anonymous>) {
  description: "Route /profile couldn't be rendered statically because it used 
`cookies`. See more info here: 
https://nextjs.org/docs/messages/dynamic-server-error",
  digest: 'DYNAMIC_SERVER_USAGE'
}
  Generating static pages using 7 workers (38/77) 
Error in getCurrentUser: Error: Dynamic server usage: Route /admin/id-card 
couldn't be rendered statically because it used `cookies`. See more info here: 
https://nextjs.org/docs/messages/dynamic-server-error
    at y (D:\Projects\School\school-management-web\.next\server\chunks\ssr\_0e3
a2f6._.js:1:12426)
    at n (D:\Projects\School\school-management-web\.next\server\chunks\ssr\_0e3
a2f6._.js:40:59407)
    at q (D:\Projects\School\school-management-web\.next\server\chunks\ssr\_0e3
a2f6._.js:58:68)
    at l (D:\Projects\School\school-management-web\.next\server\chunks\ssr\_0-y
yy9j._.js:2:19199)
    at j (D:\Projects\School\school-management-web\.next\server\chunks\ssr\[roo
t-of-the-server]__0210jst._.js:1:6583)
    at stringify (<anonymous>) {
  description: "Route /admin/id-card couldn't be rendered statically because 
it used `cookies`. See more info here: 
https://nextjs.org/docs/messages/dynamic-server-error",
  digest: 'DYNAMIC_SERVER_USAGE'
}
Error in getCurrentUser: Error: Dynamic server usage: Route /admin/id-card 
couldn't be rendered statically because it used `cookies`. See more info here: 
https://nextjs.org/docs/messages/dynamic-server-error
    at y (D:\Projects\School\school-management-web\.next\server\chunks\ssr\_0e3
a2f6._.js:1:12426)
    at n (D:\Projects\School\school-management-web\.next\server\chunks\ssr\_0e3
a2f6._.js:40:59407)
    at q (D:\Projects\School\school-management-web\.next\server\chunks\ssr\_0e3
a2f6._.js:58:68)
    at l (D:\Projects\School\school-management-web\.next\server\chunks\ssr\_0-y
yy9j._.js:2:19199)
    at l (D:\Projects\School\school-management-web\.next\server\chunks\ssr\src_
app_0wau2hf._.js:1:8812)
    at stringify (<anonymous>) {
  description: "Route /admin/id-card couldn't be rendered statically because 
it used `cookies`. See more info here: 
https://nextjs.org/docs/messages/dynamic-server-error",
  digest: 'DYNAMIC_SERVER_USAGE'
}
Error in getCurrentUser: Error: Dynamic server usage: Route 
/student/announcements couldn't be rendered statically because it used 
`cookies`. See more info here: 
https://nextjs.org/docs/messages/dynamic-server-error
    at y (D:\Projects\School\school-management-web\.next\server\chunks\ssr\_0e3
a2f6._.js:1:12426)
    at n (D:\Projects\School\school-management-web\.next\server\chunks\ssr\_0e3
a2f6._.js:40:59407)
    at q (D:\Projects\School\school-management-web\.next\server\chunks\ssr\_0e3
a2f6._.js:58:68)
    at l (D:\Projects\School\school-management-web\.next\server\chunks\ssr\_0-y
yy9j._.js:2:19199)
    at j (D:\Projects\School\school-management-web\.next\server\chunks\ssr\[roo
t-of-the-server]__0210jst._.js:1:6583)
    at stringify (<anonymous>) {
  description: "Route /student/announcements couldn't be rendered statically 
because it used `cookies`. See more info here: 
https://nextjs.org/docs/messages/dynamic-server-error",
  digest: 'DYNAMIC_SERVER_USAGE'
}
Error in getCurrentUser: Error: Dynamic server usage: Route 
/student/announcements couldn't be rendered statically because it used 
`cookies`. See more info here: 
https://nextjs.org/docs/messages/dynamic-server-error
    at y (D:\Projects\School\school-management-web\.next\server\chunks\ssr\_0e3
a2f6._.js:1:12426)
    at n (D:\Projects\School\school-management-web\.next\server\chunks\ssr\_0e3
a2f6._.js:40:59407)
    at q (D:\Projects\School\school-management-web\.next\server\chunks\ssr\_0e3
a2f6._.js:58:68)
    at l (D:\Projects\School\school-management-web\.next\server\chunks\ssr\_0-y
yy9j._.js:2:19199)
    at l (D:\Projects\School\school-management-web\.next\server\chunks\ssr\src_
app_0wau2hf._.js:1:8812)
    at stringify (<anonymous>) {
  description: "Route /student/announcements couldn't be rendered statically 
because it used `cookies`. See more info here: 
https://nextjs.org/docs/messages/dynamic-server-error",
  digest: 'DYNAMIC_SERVER_USAGE'
}
Error in getCurrentUser: Error: Dynamic server usage: Route 
/admin/import-students couldn't be rendered statically because it used 
`cookies`. See more info here: 
https://nextjs.org/docs/messages/dynamic-server-error
    at y (D:\Projects\School\school-management-web\.next\server\chunks\ssr\_0e3
a2f6._.js:1:12426)
    at n (D:\Projects\School\school-management-web\.next\server\chunks\ssr\_0e3
a2f6._.js:40:59407)
    at q (D:\Projects\School\school-management-web\.next\server\chunks\ssr\_0e3
a2f6._.js:58:68)
    at l (D:\Projects\School\school-management-web\.next\server\chunks\ssr\_0-y
yy9j._.js:2:19199)
    at j (D:\Projects\School\school-management-web\.next\server\chunks\ssr\[roo
t-of-the-server]__0210jst._.js:1:6583)
    at stringify (<anonymous>) {
  description: "Route /admin/import-students couldn't be rendered statically 
because it used `cookies`. See more info here: 
https://nextjs.org/docs/messages/dynamic-server-error",
  digest: 'DYNAMIC_SERVER_USAGE'
}
Error in getCurrentUser: Error: Dynamic server usage: Route 
/admin/import-students couldn't be rendered statically because it used 
`cookies`. See more info here: 
https://nextjs.org/docs/messages/dynamic-server-error
    at y (D:\Projects\School\school-management-web\.next\server\chunks\ssr\_0e3
a2f6._.js:1:12426)
    at n (D:\Projects\School\school-management-web\.next\server\chunks\ssr\_0e3
a2f6._.js:40:59407)
    at q (D:\Projects\School\school-management-web\.next\server\chunks\ssr\_0e3
a2f6._.js:58:68)
    at l (D:\Projects\School\school-management-web\.next\server\chunks\ssr\_0-y
yy9j._.js:2:19199)
    at l (D:\Projects\School\school-management-web\.next\server\chunks\ssr\src_
app_0wau2hf._.js:1:8812)
    at stringify (<anonymous>) {
  description: "Route /admin/import-students couldn't be rendered statically 
because it used `cookies`. See more info here: 
https://nextjs.org/docs/messages/dynamic-server-error",
  digest: 'DYNAMIC_SERVER_USAGE'
}
Error in getCurrentUser: Error: Dynamic server usage: Route 
/student/attendance couldn't be rendered statically because it used `cookies`. 
See more info here: https://nextjs.org/docs/messages/dynamic-server-error
    at y (D:\Projects\School\school-management-web\.next\server\chunks\ssr\_0e3
a2f6._.js:1:12426)
    at n (D:\Projects\School\school-management-web\.next\server\chunks\ssr\_0e3
a2f6._.js:40:59407)
    at q (D:\Projects\School\school-management-web\.next\server\chunks\ssr\_0e3
a2f6._.js:58:68)
    at l (D:\Projects\School\school-management-web\.next\server\chunks\ssr\_0-y
yy9j._.js:2:19199)
    at j (D:\Projects\School\school-management-web\.next\server\chunks\ssr\[roo
t-of-the-server]__0210jst._.js:1:6583)
    at stringify (<anonymous>) {
  description: "Route /student/attendance couldn't be rendered statically 
because it used `cookies`. See more info here: 
https://nextjs.org/docs/messages/dynamic-server-error",
  digest: 'DYNAMIC_SERVER_USAGE'
}
Error in getCurrentUser: Error: Dynamic server usage: Route 
/student/attendance couldn't be rendered statically because it used `cookies`. 
See more info here: https://nextjs.org/docs/messages/dynamic-server-error
    at y (D:\Projects\School\school-management-web\.next\server\chunks\ssr\_0e3
a2f6._.js:1:12426)
    at n (D:\Projects\School\school-management-web\.next\server\chunks\ssr\_0e3
a2f6._.js:40:59407)
    at q (D:\Projects\School\school-management-web\.next\server\chunks\ssr\_0e3
a2f6._.js:58:68)
    at l (D:\Projects\School\school-management-web\.next\server\chunks\ssr\_0-y
yy9j._.js:2:19199)
    at l (D:\Projects\School\school-management-web\.next\server\chunks\ssr\src_
app_0wau2hf._.js:1:8812)
    at stringify (<anonymous>) {
  description: "Route /student/attendance couldn't be rendered statically 
because it used `cookies`. See more info here: 
https://nextjs.org/docs/messages/dynamic-server-error",
  digest: 'DYNAMIC_SERVER_USAGE'
}
Error in getCurrentUser: Error: Dynamic server usage: Route 
/admin/notifications couldn't be rendered statically because it used 
`cookies`. See more info here: 
https://nextjs.org/docs/messages/dynamic-server-error
    at y (D:\Projects\School\school-management-web\.next\server\chunks\ssr\_0e3
a2f6._.js:1:12426)
    at n (D:\Projects\School\school-management-web\.next\server\chunks\ssr\_0e3
a2f6._.js:40:59407)
    at q (D:\Projects\School\school-management-web\.next\server\chunks\ssr\_0e3
a2f6._.js:58:68)
    at l (D:\Projects\School\school-management-web\.next\server\chunks\ssr\_0-y
yy9j._.js:2:19199)
    at j (D:\Projects\School\school-management-web\.next\server\chunks\ssr\[roo
t-of-the-server]__0210jst._.js:1:6583)
    at stringify (<anonymous>) {
  description: "Route /admin/notifications couldn't be rendered statically 
because it used `cookies`. See more info here: 
https://nextjs.org/docs/messages/dynamic-server-error",
  digest: 'DYNAMIC_SERVER_USAGE'
}
Error in getCurrentUser: Error: Dynamic server usage: Route 
/admin/notifications couldn't be rendered statically because it used 
`cookies`. See more info here: 
https://nextjs.org/docs/messages/dynamic-server-error
    at y (D:\Projects\School\school-management-web\.next\server\chunks\ssr\_0e3
a2f6._.js:1:12426)
    at n (D:\Projects\School\school-management-web\.next\server\chunks\ssr\_0e3
a2f6._.js:40:59407)
    at q (D:\Projects\School\school-management-web\.next\server\chunks\ssr\_0e3
a2f6._.js:58:68)
    at l (D:\Projects\School\school-management-web\.next\server\chunks\ssr\_0-y
yy9j._.js:2:19199)
    at l (D:\Projects\School\school-management-web\.next\server\chunks\ssr\src_
app_0wau2hf._.js:1:8812)
    at stringify (<anonymous>) {
  description: "Route /admin/notifications couldn't be rendered statically 
because it used `cookies`. See more info here: 
https://nextjs.org/docs/messages/dynamic-server-error",
  digest: 'DYNAMIC_SERVER_USAGE'
}
Error in getCurrentUser: Error: Dynamic server usage: Route 
/student/assignments couldn't be rendered statically because it used 
`cookies`. See more info here: 
https://nextjs.org/docs/messages/dynamic-server-error
    at y (D:\Projects\School\school-management-web\.next\server\chunks\ssr\_0e3
a2f6._.js:1:12426)
    at n (D:\Projects\School\school-management-web\.next\server\chunks\ssr\_0e3
a2f6._.js:40:59407)
    at q (D:\Projects\School\school-management-web\.next\server\chunks\ssr\_0e3
a2f6._.js:58:68)
    at l (D:\Projects\School\school-management-web\.next\server\chunks\ssr\_0-y
yy9j._.js:2:19199)
    at j (D:\Projects\School\school-management-web\.next\server\chunks\ssr\[roo
t-of-the-server]__0210jst._.js:1:6583)
    at stringify (<anonymous>) {
  description: "Route /student/assignments couldn't be rendered statically 
because it used `cookies`. See more info here: 
https://nextjs.org/docs/messages/dynamic-server-error",
  digest: 'DYNAMIC_SERVER_USAGE'
}
Error in getCurrentUser: Error: Dynamic server usage: Route 
/student/assignments couldn't be rendered statically because it used 
`cookies`. See more info here: 
https://nextjs.org/docs/messages/dynamic-server-error
    at y (D:\Projects\School\school-management-web\.next\server\chunks\ssr\_0e3
a2f6._.js:1:12426)
    at n (D:\Projects\School\school-management-web\.next\server\chunks\ssr\_0e3
a2f6._.js:40:59407)
    at q (D:\Projects\School\school-management-web\.next\server\chunks\ssr\_0e3
a2f6._.js:58:68)
    at l (D:\Projects\School\school-management-web\.next\server\chunks\ssr\_0-y
yy9j._.js:2:19199)
    at l (D:\Projects\School\school-management-web\.next\server\chunks\ssr\src_
app_0wau2hf._.js:1:8812)
    at stringify (<anonymous>) {
  description: "Route /student/assignments couldn't be rendered statically 
because it used `cookies`. See more info here: 
https://nextjs.org/docs/messages/dynamic-server-error",
  digest: 'DYNAMIC_SERVER_USAGE'
}
Error in getCurrentUser: Error: Dynamic server usage: Route 
/student/exam-timetable couldn't be rendered statically because it used 
`cookies`. See more info here: 
https://nextjs.org/docs/messages/dynamic-server-error
    at y (D:\Projects\School\school-management-web\.next\server\chunks\ssr\_0e3
a2f6._.js:1:12426)
    at n (D:\Projects\School\school-management-web\.next\server\chunks\ssr\_0e3
a2f6._.js:40:59407)
    at q (D:\Projects\School\school-management-web\.next\server\chunks\ssr\_0e3
a2f6._.js:58:68)
    at l (D:\Projects\School\school-management-web\.next\server\chunks\ssr\_0-y
yy9j._.js:2:19199)
    at j (D:\Projects\School\school-management-web\.next\server\chunks\ssr\[roo
t-of-the-server]__0210jst._.js:1:6583)
    at stringify (<anonymous>) {
  description: "Route /student/exam-timetable couldn't be rendered statically 
because it used `cookies`. See more info here: 
https://nextjs.org/docs/messages/dynamic-server-error",
  digest: 'DYNAMIC_SERVER_USAGE'
}
Error in getCurrentUser: Error: Dynamic server usage: Route 
/student/exam-timetable couldn't be rendered statically because it used 
`cookies`. See more info here: 
https://nextjs.org/docs/messages/dynamic-server-error
    at y (D:\Projects\School\school-management-web\.next\server\chunks\ssr\_0e3
a2f6._.js:1:12426)
    at n (D:\Projects\School\school-management-web\.next\server\chunks\ssr\_0e3
a2f6._.js:40:59407)
    at q (D:\Projects\School\school-management-web\.next\server\chunks\ssr\_0e3
a2f6._.js:58:68)
    at l (D:\Projects\School\school-management-web\.next\server\chunks\ssr\_0-y
yy9j._.js:2:19199)
    at l (D:\Projects\School\school-management-web\.next\server\chunks\ssr\src_
app_0wau2hf._.js:1:8812)
    at stringify (<anonymous>) {
  description: "Route /student/exam-timetable couldn't be rendered statically 
because it used `cookies`. See more info here: 
https://nextjs.org/docs/messages/dynamic-server-error",
  digest: 'DYNAMIC_SERVER_USAGE'
}
Error in getCurrentUser: Error: Dynamic server usage: Route /admin/monitoring 
couldn't be rendered statically because it used `cookies`. See more info here: 
https://nextjs.org/docs/messages/dynamic-server-error
    at y (D:\Projects\School\school-management-web\.next\server\chunks\ssr\_0e3
a2f6._.js:1:12426)
    at n (D:\Projects\School\school-management-web\.next\server\chunks\ssr\_0e3
a2f6._.js:40:59407)
    at q (D:\Projects\School\school-management-web\.next\server\chunks\ssr\_0e3
a2f6._.js:58:68)
    at l (D:\Projects\School\school-management-web\.next\server\chunks\ssr\_0-y
yy9j._.js:2:19199)
    at j (D:\Projects\School\school-management-web\.next\server\chunks\ssr\[roo
t-of-the-server]__0210jst._.js:1:6583)
    at stringify (<anonymous>) {
  description: "Route /admin/monitoring couldn't be rendered statically 
because it used `cookies`. See more info here: 
https://nextjs.org/docs/messages/dynamic-server-error",
  digest: 'DYNAMIC_SERVER_USAGE'
}
Error in getCurrentUser: Error: Dynamic server usage: Route /admin/monitoring 
couldn't be rendered statically because it used `cookies`. See more info here: 
https://nextjs.org/docs/messages/dynamic-server-error
    at y (D:\Projects\School\school-management-web\.next\server\chunks\ssr\_0e3
a2f6._.js:1:12426)
    at n (D:\Projects\School\school-management-web\.next\server\chunks\ssr\_0e3
a2f6._.js:40:59407)
    at q (D:\Projects\School\school-management-web\.next\server\chunks\ssr\_0e3
a2f6._.js:58:68)
    at l (D:\Projects\School\school-management-web\.next\server\chunks\ssr\_0-y
yy9j._.js:2:19199)
    at l (D:\Projects\School\school-management-web\.next\server\chunks\ssr\src_
app_0wau2hf._.js:1:8812)
    at stringify (<anonymous>) {
  description: "Route /admin/monitoring couldn't be rendered statically 
because it used `cookies`. See more info here: 
https://nextjs.org/docs/messages/dynamic-server-error",
  digest: 'DYNAMIC_SERVER_USAGE'
}
Error in getCurrentUser: Error: Dynamic server usage: Route /admin/monitoring 
couldn't be rendered statically because it used `cookies`. See more info here: 
https://nextjs.org/docs/messages/dynamic-server-error
    at y (D:\Projects\School\school-management-web\.next\server\chunks\ssr\_0e3
a2f6._.js:1:12426)
    at n (D:\Projects\School\school-management-web\.next\server\chunks\ssr\_0e3
a2f6._.js:40:59407)
    at q (D:\Projects\School\school-management-web\.next\server\chunks\ssr\_0e3
a2f6._.js:58:68)
    at l (D:\Projects\School\school-management-web\.next\server\chunks\ssr\_0-y
yy9j._.js:2:19199)
    at u (D:\Projects\School\school-management-web\.next\server\chunks\ssr\[roo
t-of-the-server]__0f2.ak.._.js:1:7788)
    at stringify (<anonymous>) {
  description: "Route /admin/monitoring couldn't be rendered statically 
because it used `cookies`. See more info here: 
https://nextjs.org/docs/messages/dynamic-server-error",
  digest: 'DYNAMIC_SERVER_USAGE'
}
Error in getCurrentUser: Error: Dynamic server usage: Route /student/id-card 
couldn't be rendered statically because it used `cookies`. See more info here: 
https://nextjs.org/docs/messages/dynamic-server-error
    at y (D:\Projects\School\school-management-web\.next\server\chunks\ssr\_0e3
a2f6._.js:1:12426)
    at n (D:\Projects\School\school-management-web\.next\server\chunks\ssr\_0e3
a2f6._.js:40:59407)
    at q (D:\Projects\School\school-management-web\.next\server\chunks\ssr\_0e3
a2f6._.js:58:68)
    at l (D:\Projects\School\school-management-web\.next\server\chunks\ssr\_0-y
yy9j._.js:2:19199)
    at j (D:\Projects\School\school-management-web\.next\server\chunks\ssr\[roo
t-of-the-server]__0210jst._.js:1:6583)
    at stringify (<anonymous>) {
  description: "Route /student/id-card couldn't be rendered statically because 
it used `cookies`. See more info here: 
https://nextjs.org/docs/messages/dynamic-server-error",
  digest: 'DYNAMIC_SERVER_USAGE'
}
Error in getCurrentUser: Error: Dynamic server usage: Route /student/id-card 
couldn't be rendered statically because it used `cookies`. See more info here: 
https://nextjs.org/docs/messages/dynamic-server-error
    at y (D:\Projects\School\school-management-web\.next\server\chunks\ssr\_0e3
a2f6._.js:1:12426)
    at n (D:\Projects\School\school-management-web\.next\server\chunks\ssr\_0e3
a2f6._.js:40:59407)
    at q (D:\Projects\School\school-management-web\.next\server\chunks\ssr\_0e3
a2f6._.js:58:68)
    at l (D:\Projects\School\school-management-web\.next\server\chunks\ssr\_0-y
yy9j._.js:2:19199)
    at l (D:\Projects\School\school-management-web\.next\server\chunks\ssr\src_
app_0wau2hf._.js:1:8812)
    at stringify (<anonymous>) {
  description: "Route /student/id-card couldn't be rendered statically because 
it used `cookies`. See more info here: 
https://nextjs.org/docs/messages/dynamic-server-error",
  digest: 'DYNAMIC_SERVER_USAGE'
}
Error in getCurrentUser: Error: Dynamic server usage: Route 
/student/notifications couldn't be rendered statically because it used 
`cookies`. See more info here: 
https://nextjs.org/docs/messages/dynamic-server-error
    at y (D:\Projects\School\school-management-web\.next\server\chunks\ssr\_0e3
a2f6._.js:1:12426)
    at n (D:\Projects\School\school-management-web\.next\server\chunks\ssr\_0e3
a2f6._.js:40:59407)
    at q (D:\Projects\School\school-management-web\.next\server\chunks\ssr\_0e3
a2f6._.js:58:68)
    at l (D:\Projects\School\school-management-web\.next\server\chunks\ssr\_0-y
yy9j._.js:2:19199)
    at j (D:\Projects\School\school-management-web\.next\server\chunks\ssr\[roo
t-of-the-server]__0210jst._.js:1:6583)
    at stringify (<anonymous>) {
  description: "Route /student/notifications couldn't be rendered statically 
because it used `cookies`. See more info here: 
https://nextjs.org/docs/messages/dynamic-server-error",
  digest: 'DYNAMIC_SERVER_USAGE'
}
Error in getCurrentUser: Error: Dynamic server usage: Route 
/student/notifications couldn't be rendered statically because it used 
`cookies`. See more info here: 
https://nextjs.org/docs/messages/dynamic-server-error
    at y (D:\Projects\School\school-management-web\.next\server\chunks\ssr\_0e3
a2f6._.js:1:12426)
    at n (D:\Projects\School\school-management-web\.next\server\chunks\ssr\_0e3
a2f6._.js:40:59407)
    at q (D:\Projects\School\school-management-web\.next\server\chunks\ssr\_0e3
a2f6._.js:58:68)
    at l (D:\Projects\School\school-management-web\.next\server\chunks\ssr\_0-y
yy9j._.js:2:19199)
    at l (D:\Projects\School\school-management-web\.next\server\chunks\ssr\src_
app_0wau2hf._.js:1:8812)
    at stringify (<anonymous>) {
  description: "Route /student/notifications couldn't be rendered statically 
because it used `cookies`. See more info here: 
https://nextjs.org/docs/messages/dynamic-server-error",
  digest: 'DYNAMIC_SERVER_USAGE'
}
Error in getCurrentUser: Error: Dynamic server usage: Route 
/student/profile-setup couldn't be rendered statically because it used 
`cookies`. See more info here: 
https://nextjs.org/docs/messages/dynamic-server-error
    at y (D:\Projects\School\school-management-web\.next\server\chunks\ssr\_0e3
a2f6._.js:1:12426)
    at n (D:\Projects\School\school-management-web\.next\server\chunks\ssr\_0e3
a2f6._.js:40:59407)
    at q (D:\Projects\School\school-management-web\.next\server\chunks\ssr\_0e3
a2f6._.js:58:68)
    at l (D:\Projects\School\school-management-web\.next\server\chunks\ssr\_0-y
yy9j._.js:2:19199)
    at j (D:\Projects\School\school-management-web\.next\server\chunks\ssr\[roo
t-of-the-server]__0210jst._.js:1:6583)
    at stringify (<anonymous>) {
  description: "Route /student/profile-setup couldn't be rendered statically 
because it used `cookies`. See more info here: 
https://nextjs.org/docs/messages/dynamic-server-error",
  digest: 'DYNAMIC_SERVER_USAGE'
}
Error in getCurrentUser: Error: Dynamic server usage: Route 
/student/profile-setup couldn't be rendered statically because it used 
`cookies`. See more info here: 
https://nextjs.org/docs/messages/dynamic-server-error
    at y (D:\Projects\School\school-management-web\.next\server\chunks\ssr\_0e3
a2f6._.js:1:12426)
    at n (D:\Projects\School\school-management-web\.next\server\chunks\ssr\_0e3
a2f6._.js:40:59407)
    at q (D:\Projects\School\school-management-web\.next\server\chunks\ssr\_0e3
a2f6._.js:58:68)
    at l (D:\Projects\School\school-management-web\.next\server\chunks\ssr\_0-y
yy9j._.js:2:19199)
    at l (D:\Projects\School\school-management-web\.next\server\chunks\ssr\src_
app_0wau2hf._.js:1:8812)
    at stringify (<anonymous>) {
  description: "Route /student/profile-setup couldn't be rendered statically 
because it used `cookies`. See more info here: 
https://nextjs.org/docs/messages/dynamic-server-error",
  digest: 'DYNAMIC_SERVER_USAGE'
}
Error in getCurrentUser: Error: Dynamic server usage: Route /student couldn't 
be rendered statically because it used `cookies`. See more info here: 
https://nextjs.org/docs/messages/dynamic-server-error
    at y (D:\Projects\School\school-management-web\.next\server\chunks\ssr\_0e3
a2f6._.js:1:12426)
    at n (D:\Projects\School\school-management-web\.next\server\chunks\ssr\_0e3
a2f6._.js:40:59407)
    at q (D:\Projects\School\school-management-web\.next\server\chunks\ssr\_0e3
a2f6._.js:58:68)
    at l (D:\Projects\School\school-management-web\.next\server\chunks\ssr\_0-y
yy9j._.js:2:19199)
    at j (D:\Projects\School\school-management-web\.next\server\chunks\ssr\[roo
t-of-the-server]__0210jst._.js:1:6583)
    at stringify (<anonymous>) {
  description: "Route /student couldn't be rendered statically because it used 
`cookies`. See more info here: 
https://nextjs.org/docs/messages/dynamic-server-error",
  digest: 'DYNAMIC_SERVER_USAGE'
}
Error in getCurrentUser: Error: Dynamic server usage: Route /student couldn't 
be rendered statically because it used `cookies`. See more info here: 
https://nextjs.org/docs/messages/dynamic-server-error
    at y (D:\Projects\School\school-management-web\.next\server\chunks\ssr\_0e3
a2f6._.js:1:12426)
    at n (D:\Projects\School\school-management-web\.next\server\chunks\ssr\_0e3
a2f6._.js:40:59407)
    at q (D:\Projects\School\school-management-web\.next\server\chunks\ssr\_0e3
a2f6._.js:58:68)
    at l (D:\Projects\School\school-management-web\.next\server\chunks\ssr\_0-y
yy9j._.js:2:19199)
    at l (D:\Projects\School\school-management-web\.next\server\chunks\ssr\src_
app_0wau2hf._.js:1:8812)
    at stringify (<anonymous>) {
  description: "Route /student couldn't be rendered statically because it used 
`cookies`. See more info here: 
https://nextjs.org/docs/messages/dynamic-server-error",
  digest: 'DYNAMIC_SERVER_USAGE'
}
  Generating static pages using 7 workers (57/77) 
Error in getCurrentUser: Error: Dynamic server usage: Route /student/results 
couldn't be rendered statically because it used `cookies`. See more info here: 
https://nextjs.org/docs/messages/dynamic-server-error
    at y (D:\Projects\School\school-management-web\.next\server\chunks\ssr\_0e3
a2f6._.js:1:12426)
    at n (D:\Projects\School\school-management-web\.next\server\chunks\ssr\_0e3
a2f6._.js:40:59407)
    at q (D:\Projects\School\school-management-web\.next\server\chunks\ssr\_0e3
a2f6._.js:58:68)
    at l (D:\Projects\School\school-management-web\.next\server\chunks\ssr\_0-y
yy9j._.js:2:19199)
    at j (D:\Projects\School\school-management-web\.next\server\chunks\ssr\[roo
t-of-the-server]__0210jst._.js:1:6583)
    at stringify (<anonymous>) {
  description: "Route /student/results couldn't be rendered statically because 
it used `cookies`. See more info here: 
https://nextjs.org/docs/messages/dynamic-server-error",
  digest: 'DYNAMIC_SERVER_USAGE'
}
Error in getCurrentUser: Error: Dynamic server usage: Route /student/results 
couldn't be rendered statically because it used `cookies`. See more info here: 
https://nextjs.org/docs/messages/dynamic-server-error
    at y (D:\Projects\School\school-management-web\.next\server\chunks\ssr\_0e3
a2f6._.js:1:12426)
    at n (D:\Projects\School\school-management-web\.next\server\chunks\ssr\_0e3
a2f6._.js:40:59407)
    at q (D:\Projects\School\school-management-web\.next\server\chunks\ssr\_0e3
a2f6._.js:58:68)
    at l (D:\Projects\School\school-management-web\.next\server\chunks\ssr\_0-y
yy9j._.js:2:19199)
    at l (D:\Projects\School\school-management-web\.next\server\chunks\ssr\src_
app_0wau2hf._.js:1:8812)
    at stringify (<anonymous>) {
  description: "Route /student/results couldn't be rendered statically because 
it used `cookies`. See more info here: 
https://nextjs.org/docs/messages/dynamic-server-error",
  digest: 'DYNAMIC_SERVER_USAGE'
}
Error in getCurrentUser: Error: Dynamic server usage: Route /student/settings 
couldn't be rendered statically because it used `cookies`. See more info here: 
https://nextjs.org/docs/messages/dynamic-server-error
    at y (D:\Projects\School\school-management-web\.next\server\chunks\ssr\_0e3
a2f6._.js:1:12426)
    at n (D:\Projects\School\school-management-web\.next\server\chunks\ssr\_0e3
a2f6._.js:40:59407)
    at q (D:\Projects\School\school-management-web\.next\server\chunks\ssr\_0e3
a2f6._.js:58:68)
    at l (D:\Projects\School\school-management-web\.next\server\chunks\ssr\_0-y
yy9j._.js:2:19199)
    at j (D:\Projects\School\school-management-web\.next\server\chunks\ssr\[roo
t-of-the-server]__0210jst._.js:1:6583)
    at stringify (<anonymous>) {
  description: "Route /student/settings couldn't be rendered statically 
because it used `cookies`. See more info here: 
https://nextjs.org/docs/messages/dynamic-server-error",
  digest: 'DYNAMIC_SERVER_USAGE'
}
Error in getCurrentUser: Error: Dynamic server usage: Route /student/settings 
couldn't be rendered statically because it used `cookies`. See more info here: 
https://nextjs.org/docs/messages/dynamic-server-error
    at y (D:\Projects\School\school-management-web\.next\server\chunks\ssr\_0e3
a2f6._.js:1:12426)
    at n (D:\Projects\School\school-management-web\.next\server\chunks\ssr\_0e3
a2f6._.js:40:59407)
    at q (D:\Projects\School\school-management-web\.next\server\chunks\ssr\_0e3
a2f6._.js:58:68)
    at l (D:\Projects\School\school-management-web\.next\server\chunks\ssr\_0-y
yy9j._.js:2:19199)
    at l (D:\Projects\School\school-management-web\.next\server\chunks\ssr\src_
app_0wau2hf._.js:1:8812)
    at stringify (<anonymous>) {
  description: "Route /student/settings couldn't be rendered statically 
because it used `cookies`. See more info here: 
https://nextjs.org/docs/messages/dynamic-server-error",
  digest: 'DYNAMIC_SERVER_USAGE'
}
Error in getCurrentUser: Error: Dynamic server usage: Route /student/timetable 
couldn't be rendered statically because it used `cookies`. See more info here: 
https://nextjs.org/docs/messages/dynamic-server-error
    at y (D:\Projects\School\school-management-web\.next\server\chunks\ssr\_0e3
a2f6._.js:1:12426)
    at n (D:\Projects\School\school-management-web\.next\server\chunks\ssr\_0e3
a2f6._.js:40:59407)
    at q (D:\Projects\School\school-management-web\.next\server\chunks\ssr\_0e3
a2f6._.js:58:68)
    at l (D:\Projects\School\school-management-web\.next\server\chunks\ssr\_0-y
yy9j._.js:2:19199)
    at j (D:\Projects\School\school-management-web\.next\server\chunks\ssr\[roo
t-of-the-server]__0210jst._.js:1:6583)
    at stringify (<anonymous>) {
  description: "Route /student/timetable couldn't be rendered statically 
because it used `cookies`. See more info here: 
https://nextjs.org/docs/messages/dynamic-server-error",
  digest: 'DYNAMIC_SERVER_USAGE'
}
Error in getCurrentUser: Error: Dynamic server usage: Route /student/timetable 
couldn't be rendered statically because it used `cookies`. See more info here: 
https://nextjs.org/docs/messages/dynamic-server-error
    at y (D:\Projects\School\school-management-web\.next\server\chunks\ssr\_0e3
a2f6._.js:1:12426)
    at n (D:\Projects\School\school-management-web\.next\server\chunks\ssr\_0e3
a2f6._.js:40:59407)
    at q (D:\Projects\School\school-management-web\.next\server\chunks\ssr\_0e3
a2f6._.js:58:68)
    at l (D:\Projects\School\school-management-web\.next\server\chunks\ssr\_0-y
yy9j._.js:2:19199)
    at l (D:\Projects\School\school-management-web\.next\server\chunks\ssr\src_
app_0wau2hf._.js:1:8812)
    at stringify (<anonymous>) {
  description: "Route /student/timetable couldn't be rendered statically 
because it used `cookies`. See more info here: 
https://nextjs.org/docs/messages/dynamic-server-error",
  digest: 'DYNAMIC_SERVER_USAGE'
}
Error in getCurrentUser: Error: Dynamic server usage: Route /student/syllabus 
couldn't be rendered statically because it used `cookies`. See more info here: 
https://nextjs.org/docs/messages/dynamic-server-error
    at y (D:\Projects\School\school-management-web\.next\server\chunks\ssr\_0e3
a2f6._.js:1:12426)
    at n (D:\Projects\School\school-management-web\.next\server\chunks\ssr\_0e3
a2f6._.js:40:59407)
    at q (D:\Projects\School\school-management-web\.next\server\chunks\ssr\_0e3
a2f6._.js:58:68)
    at l (D:\Projects\School\school-management-web\.next\server\chunks\ssr\_0-y
yy9j._.js:2:19199)
    at j (D:\Projects\School\school-management-web\.next\server\chunks\ssr\[roo
t-of-the-server]__0210jst._.js:1:6583)
    at stringify (<anonymous>) {
  description: "Route /student/syllabus couldn't be rendered statically 
because it used `cookies`. See more info here: 
https://nextjs.org/docs/messages/dynamic-server-error",
  digest: 'DYNAMIC_SERVER_USAGE'
}
Error in getCurrentUser: Error: Dynamic server usage: Route /student/syllabus 
couldn't be rendered statically because it used `cookies`. See more info here: 
https://nextjs.org/docs/messages/dynamic-server-error
    at y (D:\Projects\School\school-management-web\.next\server\chunks\ssr\_0e3
a2f6._.js:1:12426)
    at n (D:\Projects\School\school-management-web\.next\server\chunks\ssr\_0e3
a2f6._.js:40:59407)
    at q (D:\Projects\School\school-management-web\.next\server\chunks\ssr\_0e3
a2f6._.js:58:68)
    at l (D:\Projects\School\school-management-web\.next\server\chunks\ssr\_0-y
yy9j._.js:2:19199)
    at l (D:\Projects\School\school-management-web\.next\server\chunks\ssr\src_
app_0wau2hf._.js:1:8812)
    at stringify (<anonymous>) {
  description: "Route /student/syllabus couldn't be rendered statically 
because it used `cookies`. See more info here: 
https://nextjs.org/docs/messages/dynamic-server-error",
  digest: 'DYNAMIC_SERVER_USAGE'
}
Error in getCurrentUser: Error: Dynamic server usage: Route 
/teacher/assignments/create couldn't be rendered statically because it used 
`cookies`. See more info here: 
https://nextjs.org/docs/messages/dynamic-server-error
    at y (D:\Projects\School\school-management-web\.next\server\chunks\ssr\_0e3
a2f6._.js:1:12426)
    at n (D:\Projects\School\school-management-web\.next\server\chunks\ssr\_0e3
a2f6._.js:40:59407)
    at q (D:\Projects\School\school-management-web\.next\server\chunks\ssr\_0e3
a2f6._.js:58:68)
    at l (D:\Projects\School\school-management-web\.next\server\chunks\ssr\_0-y
yy9j._.js:2:19199)
    at j (D:\Projects\School\school-management-web\.next\server\chunks\ssr\[roo
t-of-the-server]__0210jst._.js:1:6583)
    at stringify (<anonymous>) {
  description: "Route /teacher/assignments/create couldn't be rendered 
statically because it used `cookies`. See more info here: 
https://nextjs.org/docs/messages/dynamic-server-error",
  digest: 'DYNAMIC_SERVER_USAGE'
}
Error in getCurrentUser: Error: Dynamic server usage: Route 
/teacher/assignments/create couldn't be rendered statically because it used 
`cookies`. See more info here: 
https://nextjs.org/docs/messages/dynamic-server-error
    at y (D:\Projects\School\school-management-web\.next\server\chunks\ssr\_0e3
a2f6._.js:1:12426)
    at n (D:\Projects\School\school-management-web\.next\server\chunks\ssr\_0e3
a2f6._.js:40:59407)
    at q (D:\Projects\School\school-management-web\.next\server\chunks\ssr\_0e3
a2f6._.js:58:68)
    at l (D:\Projects\School\school-management-web\.next\server\chunks\ssr\_0-y
yy9j._.js:2:19199)
    at l (D:\Projects\School\school-management-web\.next\server\chunks\ssr\src_
app_0wau2hf._.js:1:8812)
    at stringify (<anonymous>) {
  description: "Route /teacher/assignments/create couldn't be rendered 
statically because it used `cookies`. See more info here: 
https://nextjs.org/docs/messages/dynamic-server-error",
  digest: 'DYNAMIC_SERVER_USAGE'
}
Error in getCurrentUser: Error: Dynamic server usage: Route 
/teacher/assignments couldn't be rendered statically because it used 
`cookies`. See more info here: 
https://nextjs.org/docs/messages/dynamic-server-error
    at y (D:\Projects\School\school-management-web\.next\server\chunks\ssr\_0e3
a2f6._.js:1:12426)
    at n (D:\Projects\School\school-management-web\.next\server\chunks\ssr\_0e3
a2f6._.js:40:59407)
    at q (D:\Projects\School\school-management-web\.next\server\chunks\ssr\_0e3
a2f6._.js:58:68)
    at l (D:\Projects\School\school-management-web\.next\server\chunks\ssr\_0-y
yy9j._.js:2:19199)
    at j (D:\Projects\School\school-management-web\.next\server\chunks\ssr\[roo
t-of-the-server]__0210jst._.js:1:6583)
    at stringify (<anonymous>) {
  description: "Route /teacher/assignments couldn't be rendered statically 
because it used `cookies`. See more info here: 
https://nextjs.org/docs/messages/dynamic-server-error",
  digest: 'DYNAMIC_SERVER_USAGE'
}
Error in getCurrentUser: Error: Dynamic server usage: Route 
/teacher/assignments couldn't be rendered statically because it used 
`cookies`. See more info here: 
https://nextjs.org/docs/messages/dynamic-server-error
    at y (D:\Projects\School\school-management-web\.next\server\chunks\ssr\_0e3
a2f6._.js:1:12426)
    at n (D:\Projects\School\school-management-web\.next\server\chunks\ssr\_0e3
a2f6._.js:40:59407)
    at q (D:\Projects\School\school-management-web\.next\server\chunks\ssr\_0e3
a2f6._.js:58:68)
    at l (D:\Projects\School\school-management-web\.next\server\chunks\ssr\_0-y
yy9j._.js:2:19199)
    at l (D:\Projects\School\school-management-web\.next\server\chunks\ssr\src_
app_0wau2hf._.js:1:8812)
    at stringify (<anonymous>) {
  description: "Route /teacher/assignments couldn't be rendered statically 
because it used `cookies`. See more info here: 
https://nextjs.org/docs/messages/dynamic-server-error",
  digest: 'DYNAMIC_SERVER_USAGE'
}
Error in getCurrentUser: Error: Dynamic server usage: Route 
/teacher/attendance/register couldn't be rendered statically because it used 
`cookies`. See more info here: 
https://nextjs.org/docs/messages/dynamic-server-error
    at y (D:\Projects\School\school-management-web\.next\server\chunks\ssr\_0e3
a2f6._.js:1:12426)
    at n (D:\Projects\School\school-management-web\.next\server\chunks\ssr\_0e3
a2f6._.js:40:59407)
    at q (D:\Projects\School\school-management-web\.next\server\chunks\ssr\_0e3
a2f6._.js:58:68)
    at l (D:\Projects\School\school-management-web\.next\server\chunks\ssr\_0-y
yy9j._.js:2:19199)
    at j (D:\Projects\School\school-management-web\.next\server\chunks\ssr\[roo
t-of-the-server]__0210jst._.js:1:6583)
    at stringify (<anonymous>) {
  description: "Route /teacher/attendance/register couldn't be rendered 
statically because it used `cookies`. See more info here: 
https://nextjs.org/docs/messages/dynamic-server-error",
  digest: 'DYNAMIC_SERVER_USAGE'
}
Error in getCurrentUser: Error: Dynamic server usage: Route 
/teacher/attendance/register couldn't be rendered statically because it used 
`cookies`. See more info here: 
https://nextjs.org/docs/messages/dynamic-server-error
    at y (D:\Projects\School\school-management-web\.next\server\chunks\ssr\_0e3
a2f6._.js:1:12426)
    at n (D:\Projects\School\school-management-web\.next\server\chunks\ssr\_0e3
a2f6._.js:40:59407)
    at q (D:\Projects\School\school-management-web\.next\server\chunks\ssr\_0e3
a2f6._.js:58:68)
    at l (D:\Projects\School\school-management-web\.next\server\chunks\ssr\_0-y
yy9j._.js:2:19199)
    at l (D:\Projects\School\school-management-web\.next\server\chunks\ssr\src_
app_0wau2hf._.js:1:8812)
    at stringify (<anonymous>) {
  description: "Route /teacher/attendance/register couldn't be rendered 
statically because it used `cookies`. See more info here: 
https://nextjs.org/docs/messages/dynamic-server-error",
  digest: 'DYNAMIC_SERVER_USAGE'
}
Error in getCurrentUser: Error: Dynamic server usage: Route 
/teacher/attendance couldn't be rendered statically because it used `cookies`. 
See more info here: https://nextjs.org/docs/messages/dynamic-server-error
    at y (D:\Projects\School\school-management-web\.next\server\chunks\ssr\_0e3
a2f6._.js:1:12426)
    at n (D:\Projects\School\school-management-web\.next\server\chunks\ssr\_0e3
a2f6._.js:40:59407)
    at q (D:\Projects\School\school-management-web\.next\server\chunks\ssr\_0e3
a2f6._.js:58:68)
    at l (D:\Projects\School\school-management-web\.next\server\chunks\ssr\_0-y
yy9j._.js:2:19199)
    at j (D:\Projects\School\school-management-web\.next\server\chunks\ssr\[roo
t-of-the-server]__0210jst._.js:1:6583)
    at stringify (<anonymous>) {
  description: "Route /teacher/attendance couldn't be rendered statically 
because it used `cookies`. See more info here: 
https://nextjs.org/docs/messages/dynamic-server-error",
  digest: 'DYNAMIC_SERVER_USAGE'
}
Error in getCurrentUser: Error: Dynamic server usage: Route 
/teacher/attendance couldn't be rendered statically because it used `cookies`. 
See more info here: https://nextjs.org/docs/messages/dynamic-server-error
    at y (D:\Projects\School\school-management-web\.next\server\chunks\ssr\_0e3
a2f6._.js:1:12426)
    at n (D:\Projects\School\school-management-web\.next\server\chunks\ssr\_0e3
a2f6._.js:40:59407)
    at q (D:\Projects\School\school-management-web\.next\server\chunks\ssr\_0e3
a2f6._.js:58:68)
    at l (D:\Projects\School\school-management-web\.next\server\chunks\ssr\_0-y
yy9j._.js:2:19199)
    at l (D:\Projects\School\school-management-web\.next\server\chunks\ssr\src_
app_0wau2hf._.js:1:8812)
    at stringify (<anonymous>) {
  description: "Route /teacher/attendance couldn't be rendered statically 
because it used `cookies`. See more info here: 
https://nextjs.org/docs/messages/dynamic-server-error",
  digest: 'DYNAMIC_SERVER_USAGE'
}
Error in getCurrentUser: Error: Dynamic server usage: Route 
/teacher/notifications couldn't be rendered statically because it used 
`cookies`. See more info here: 
https://nextjs.org/docs/messages/dynamic-server-error
    at y (D:\Projects\School\school-management-web\.next\server\chunks\ssr\_0e3
a2f6._.js:1:12426)
    at n (D:\Projects\School\school-management-web\.next\server\chunks\ssr\_0e3
a2f6._.js:40:59407)
    at q (D:\Projects\School\school-management-web\.next\server\chunks\ssr\_0e3
a2f6._.js:58:68)
    at l (D:\Projects\School\school-management-web\.next\server\chunks\ssr\_0-y
yy9j._.js:2:19199)
    at j (D:\Projects\School\school-management-web\.next\server\chunks\ssr\[roo
t-of-the-server]__0210jst._.js:1:6583)
    at stringify (<anonymous>) {
  description: "Route /teacher/notifications couldn't be rendered statically 
because it used `cookies`. See more info here: 
https://nextjs.org/docs/messages/dynamic-server-error",
  digest: 'DYNAMIC_SERVER_USAGE'
}
Error in getCurrentUser: Error: Dynamic server usage: Route 
/teacher/notifications couldn't be rendered statically because it used 
`cookies`. See more info here: 
https://nextjs.org/docs/messages/dynamic-server-error
    at y (D:\Projects\School\school-management-web\.next\server\chunks\ssr\_0e3
a2f6._.js:1:12426)
    at n (D:\Projects\School\school-management-web\.next\server\chunks\ssr\_0e3
a2f6._.js:40:59407)
    at q (D:\Projects\School\school-management-web\.next\server\chunks\ssr\_0e3
a2f6._.js:58:68)
    at l (D:\Projects\School\school-management-web\.next\server\chunks\ssr\_0-y
yy9j._.js:2:19199)
    at l (D:\Projects\School\school-management-web\.next\server\chunks\ssr\src_
app_0wau2hf._.js:1:8812)
    at stringify (<anonymous>) {
  description: "Route /teacher/notifications couldn't be rendered statically 
because it used `cookies`. See more info here: 
https://nextjs.org/docs/messages/dynamic-server-error",
  digest: 'DYNAMIC_SERVER_USAGE'
}
Error in getCurrentUser: Error: Dynamic server usage: Route /teacher/id-card 
couldn't be rendered statically because it used `cookies`. See more info here: 
https://nextjs.org/docs/messages/dynamic-server-error
    at y (D:\Projects\School\school-management-web\.next\server\chunks\ssr\_0e3
a2f6._.js:1:12426)
    at n (D:\Projects\School\school-management-web\.next\server\chunks\ssr\_0e3
a2f6._.js:40:59407)
    at q (D:\Projects\School\school-management-web\.next\server\chunks\ssr\_0e3
a2f6._.js:58:68)
    at l (D:\Projects\School\school-management-web\.next\server\chunks\ssr\_0-y
yy9j._.js:2:19199)
    at j (D:\Projects\School\school-management-web\.next\server\chunks\ssr\[roo
t-of-the-server]__0210jst._.js:1:6583)
    at stringify (<anonymous>) {
  description: "Route /teacher/id-card couldn't be rendered statically because 
it used `cookies`. See more info here: 
https://nextjs.org/docs/messages/dynamic-server-error",
  digest: 'DYNAMIC_SERVER_USAGE'
}
Error in getCurrentUser: Error: Dynamic server usage: Route /teacher/id-card 
couldn't be rendered statically because it used `cookies`. See more info here: 
https://nextjs.org/docs/messages/dynamic-server-error
    at y (D:\Projects\School\school-management-web\.next\server\chunks\ssr\_0e3
a2f6._.js:1:12426)
    at n (D:\Projects\School\school-management-web\.next\server\chunks\ssr\_0e3
a2f6._.js:40:59407)
    at q (D:\Projects\School\school-management-web\.next\server\chunks\ssr\_0e3
a2f6._.js:58:68)
    at l (D:\Projects\School\school-management-web\.next\server\chunks\ssr\_0-y
yy9j._.js:2:19199)
    at l (D:\Projects\School\school-management-web\.next\server\chunks\ssr\src_
app_0wau2hf._.js:1:8812)
    at stringify (<anonymous>) {
  description: "Route /teacher/id-card couldn't be rendered statically because 
it used `cookies`. See more info here: 
https://nextjs.org/docs/messages/dynamic-server-error",
  digest: 'DYNAMIC_SERVER_USAGE'
}
Error in getCurrentUser: Error: Dynamic server usage: Route 
/teacher/exam-timetable couldn't be rendered statically because it used 
`cookies`. See more info here: 
https://nextjs.org/docs/messages/dynamic-server-error
    at y (D:\Projects\School\school-management-web\.next\server\chunks\ssr\_0e3
a2f6._.js:1:12426)
    at n (D:\Projects\School\school-management-web\.next\server\chunks\ssr\_0e3
a2f6._.js:40:59407)
    at q (D:\Projects\School\school-management-web\.next\server\chunks\ssr\_0e3
a2f6._.js:58:68)
    at l (D:\Projects\School\school-management-web\.next\server\chunks\ssr\_0-y
yy9j._.js:2:19199)
    at j (D:\Projects\School\school-management-web\.next\server\chunks\ssr\[roo
t-of-the-server]__0210jst._.js:1:6583)
    at stringify (<anonymous>) {
  description: "Route /teacher/exam-timetable couldn't be rendered statically 
because it used `cookies`. See more info here: 
https://nextjs.org/docs/messages/dynamic-server-error",
  digest: 'DYNAMIC_SERVER_USAGE'
}
Error in getCurrentUser: Error: Dynamic server usage: Route 
/teacher/exam-timetable couldn't be rendered statically because it used 
`cookies`. See more info here: 
https://nextjs.org/docs/messages/dynamic-server-error
    at y (D:\Projects\School\school-management-web\.next\server\chunks\ssr\_0e3
a2f6._.js:1:12426)
    at n (D:\Projects\School\school-management-web\.next\server\chunks\ssr\_0e3
a2f6._.js:40:59407)
    at q (D:\Projects\School\school-management-web\.next\server\chunks\ssr\_0e3
a2f6._.js:58:68)
    at l (D:\Projects\School\school-management-web\.next\server\chunks\ssr\_0-y
yy9j._.js:2:19199)
    at l (D:\Projects\School\school-management-web\.next\server\chunks\ssr\src_
app_0wau2hf._.js:1:8812)
    at stringify (<anonymous>) {
  description: "Route /teacher/exam-timetable couldn't be rendered statically 
because it used `cookies`. See more info here: 
https://nextjs.org/docs/messages/dynamic-server-error",
  digest: 'DYNAMIC_SERVER_USAGE'
}
Error in getCurrentUser: Error: Dynamic server usage: Route /teacher couldn't 
be rendered statically because it used `cookies`. See more info here: 
https://nextjs.org/docs/messages/dynamic-server-error
    at y (D:\Projects\School\school-management-web\.next\server\chunks\ssr\_0e3
a2f6._.js:1:12426)
    at n (D:\Projects\School\school-management-web\.next\server\chunks\ssr\_0e3
a2f6._.js:40:59407)
    at q (D:\Projects\School\school-management-web\.next\server\chunks\ssr\_0e3
a2f6._.js:58:68)
    at l (D:\Projects\School\school-management-web\.next\server\chunks\ssr\_0-y
yy9j._.js:2:19199)
    at j (D:\Projects\School\school-management-web\.next\server\chunks\ssr\[roo
t-of-the-server]__0210jst._.js:1:6583)
    at stringify (<anonymous>) {
  description: "Route /teacher couldn't be rendered statically because it used 
`cookies`. See more info here: 
https://nextjs.org/docs/messages/dynamic-server-error",
  digest: 'DYNAMIC_SERVER_USAGE'
}
Error in getCurrentUser: Error: Dynamic server usage: Route /teacher couldn't 
be rendered statically because it used `cookies`. See more info here: 
https://nextjs.org/docs/messages/dynamic-server-error
    at y (D:\Projects\School\school-management-web\.next\server\chunks\ssr\_0e3
a2f6._.js:1:12426)
    at n (D:\Projects\School\school-management-web\.next\server\chunks\ssr\_0e3
a2f6._.js:40:59407)
    at q (D:\Projects\School\school-management-web\.next\server\chunks\ssr\_0e3
a2f6._.js:58:68)
    at l (D:\Projects\School\school-management-web\.next\server\chunks\ssr\_0-y
yy9j._.js:2:19199)
    at l (D:\Projects\School\school-management-web\.next\server\chunks\ssr\src_
app_0wau2hf._.js:1:8812)
    at stringify (<anonymous>) {
  description: "Route /teacher couldn't be rendered statically because it used 
`cookies`. See more info here: 
https://nextjs.org/docs/messages/dynamic-server-error",
  digest: 'DYNAMIC_SERVER_USAGE'
}
Error in getCurrentUser: Error: Dynamic server usage: Route /teacher couldn't 
be rendered statically because it used `cookies`. See more info here: 
https://nextjs.org/docs/messages/dynamic-server-error
    at y (D:\Projects\School\school-management-web\.next\server\chunks\ssr\_0e3
a2f6._.js:1:12426)
    at n (D:\Projects\School\school-management-web\.next\server\chunks\ssr\_0e3
a2f6._.js:40:59407)
    at q (D:\Projects\School\school-management-web\.next\server\chunks\ssr\_0e3
a2f6._.js:58:68)
    at l (D:\Projects\School\school-management-web\.next\server\chunks\ssr\_0-y
yy9j._.js:2:19199)
    at v (D:\Projects\School\school-management-web\.next\server\chunks\ssr\[roo
t-of-the-server]__0823lwf._.js:1:9941)
    at stringify (<anonymous>) {
  description: "Route /teacher couldn't be rendered statically because it used 
`cookies`. See more info here: 
https://nextjs.org/docs/messages/dynamic-server-error",
  digest: 'DYNAMIC_SERVER_USAGE'
}
Error in getCurrentUser: Error: Dynamic server usage: Route 
/teacher/profile-setup couldn't be rendered statically because it used 
`cookies`. See more info here: 
https://nextjs.org/docs/messages/dynamic-server-error
    at y (D:\Projects\School\school-management-web\.next\server\chunks\ssr\_0e3
a2f6._.js:1:12426)
    at n (D:\Projects\School\school-management-web\.next\server\chunks\ssr\_0e3
a2f6._.js:40:59407)
    at q (D:\Projects\School\school-management-web\.next\server\chunks\ssr\_0e3
a2f6._.js:58:68)
    at l (D:\Projects\School\school-management-web\.next\server\chunks\ssr\_0-y
yy9j._.js:2:19199)
    at j (D:\Projects\School\school-management-web\.next\server\chunks\ssr\[roo
t-of-the-server]__0210jst._.js:1:6583)
    at stringify (<anonymous>) {
  description: "Route /teacher/profile-setup couldn't be rendered statically 
because it used `cookies`. See more info here: 
https://nextjs.org/docs/messages/dynamic-server-error",
  digest: 'DYNAMIC_SERVER_USAGE'
}
Error in getCurrentUser: Error: Dynamic server usage: Route 
/teacher/profile-setup couldn't be rendered statically because it used 
`cookies`. See more info here: 
https://nextjs.org/docs/messages/dynamic-server-error
    at y (D:\Projects\School\school-management-web\.next\server\chunks\ssr\_0e3
a2f6._.js:1:12426)
    at n (D:\Projects\School\school-management-web\.next\server\chunks\ssr\_0e3
a2f6._.js:40:59407)
    at q (D:\Projects\School\school-management-web\.next\server\chunks\ssr\_0e3
a2f6._.js:58:68)
    at l (D:\Projects\School\school-management-web\.next\server\chunks\ssr\_0-y
yy9j._.js:2:19199)
    at l (D:\Projects\School\school-management-web\.next\server\chunks\ssr\src_
app_0wau2hf._.js:1:8812)
    at stringify (<anonymous>) {
  description: "Route /teacher/profile-setup couldn't be rendered statically 
because it used `cookies`. See more info here: 
https://nextjs.org/docs/messages/dynamic-server-error",
  digest: 'DYNAMIC_SERVER_USAGE'
}
Error in getCurrentUser: Error: Dynamic server usage: Route /teacher/results 
couldn't be rendered statically because it used `cookies`. See more info here: 
https://nextjs.org/docs/messages/dynamic-server-error
    at y (D:\Projects\School\school-management-web\.next\server\chunks\ssr\_0e3
a2f6._.js:1:12426)
    at n (D:\Projects\School\school-management-web\.next\server\chunks\ssr\_0e3
a2f6._.js:40:59407)
    at q (D:\Projects\School\school-management-web\.next\server\chunks\ssr\_0e3
a2f6._.js:58:68)
    at l (D:\Projects\School\school-management-web\.next\server\chunks\ssr\_0-y
yy9j._.js:2:19199)
    at j (D:\Projects\School\school-management-web\.next\server\chunks\ssr\[roo
t-of-the-server]__0210jst._.js:1:6583)
    at stringify (<anonymous>) {
  description: "Route /teacher/results couldn't be rendered statically because 
it used `cookies`. See more info here: 
https://nextjs.org/docs/messages/dynamic-server-error",
  digest: 'DYNAMIC_SERVER_USAGE'
}
Error in getCurrentUser: Error: Dynamic server usage: Route /teacher/results 
couldn't be rendered statically because it used `cookies`. See more info here: 
https://nextjs.org/docs/messages/dynamic-server-error
    at y (D:\Projects\School\school-management-web\.next\server\chunks\ssr\_0e3
a2f6._.js:1:12426)
    at n (D:\Projects\School\school-management-web\.next\server\chunks\ssr\_0e3
a2f6._.js:40:59407)
    at q (D:\Projects\School\school-management-web\.next\server\chunks\ssr\_0e3
a2f6._.js:58:68)
    at l (D:\Projects\School\school-management-web\.next\server\chunks\ssr\_0-y
yy9j._.js:2:19199)
    at l (D:\Projects\School\school-management-web\.next\server\chunks\ssr\src_
app_0wau2hf._.js:1:8812)
    at stringify (<anonymous>) {
  description: "Route /teacher/results couldn't be rendered statically because 
it used `cookies`. See more info here: 
https://nextjs.org/docs/messages/dynamic-server-error",
  digest: 'DYNAMIC_SERVER_USAGE'
}
Error in getCurrentUser: Error: Dynamic server usage: Route 
/teacher/results/publish couldn't be rendered statically because it used 
`cookies`. See more info here: 
https://nextjs.org/docs/messages/dynamic-server-error
    at y (D:\Projects\School\school-management-web\.next\server\chunks\ssr\_0e3
a2f6._.js:1:12426)
    at n (D:\Projects\School\school-management-web\.next\server\chunks\ssr\_0e3
a2f6._.js:40:59407)
    at q (D:\Projects\School\school-management-web\.next\server\chunks\ssr\_0e3
a2f6._.js:58:68)
    at l (D:\Projects\School\school-management-web\.next\server\chunks\ssr\_0-y
yy9j._.js:2:19199)
    at j (D:\Projects\School\school-management-web\.next\server\chunks\ssr\[roo
t-of-the-server]__0210jst._.js:1:6583)
    at stringify (<anonymous>) {
  description: "Route /teacher/results/publish couldn't be rendered statically 
because it used `cookies`. See more info here: 
https://nextjs.org/docs/messages/dynamic-server-error",
  digest: 'DYNAMIC_SERVER_USAGE'
}
Error in getCurrentUser: Error: Dynamic server usage: Route 
/teacher/results/publish couldn't be rendered statically because it used 
`cookies`. See more info here: 
https://nextjs.org/docs/messages/dynamic-server-error
    at y (D:\Projects\School\school-management-web\.next\server\chunks\ssr\_0e3
a2f6._.js:1:12426)
    at n (D:\Projects\School\school-management-web\.next\server\chunks\ssr\_0e3
a2f6._.js:40:59407)
    at q (D:\Projects\School\school-management-web\.next\server\chunks\ssr\_0e3
a2f6._.js:58:68)
    at l (D:\Projects\School\school-management-web\.next\server\chunks\ssr\_0-y
yy9j._.js:2:19199)
    at l (D:\Projects\School\school-management-web\.next\server\chunks\ssr\src_
app_0wau2hf._.js:1:8812)
    at stringify (<anonymous>) {
  description: "Route /teacher/results/publish couldn't be rendered statically 
because it used `cookies`. See more info here: 
https://nextjs.org/docs/messages/dynamic-server-error",
  digest: 'DYNAMIC_SERVER_USAGE'
}
Error in getCurrentUser: Error: Dynamic server usage: Route /teacher/settings 
couldn't be rendered statically because it used `cookies`. See more info here: 
https://nextjs.org/docs/messages/dynamic-server-error
    at y (D:\Projects\School\school-management-web\.next\server\chunks\ssr\_0e3
a2f6._.js:1:12426)
    at n (D:\Projects\School\school-management-web\.next\server\chunks\ssr\_0e3
a2f6._.js:40:59407)
    at q (D:\Projects\School\school-management-web\.next\server\chunks\ssr\_0e3
a2f6._.js:58:68)
    at l (D:\Projects\School\school-management-web\.next\server\chunks\ssr\_0-y
yy9j._.js:2:19199)
    at j (D:\Projects\School\school-management-web\.next\server\chunks\ssr\[roo
t-of-the-server]__0210jst._.js:1:6583)
    at stringify (<anonymous>) {
  description: "Route /teacher/settings couldn't be rendered statically 
because it used `cookies`. See more info here: 
https://nextjs.org/docs/messages/dynamic-server-error",
  digest: 'DYNAMIC_SERVER_USAGE'
}
Error in getCurrentUser: Error: Dynamic server usage: Route /teacher/settings 
couldn't be rendered statically because it used `cookies`. See more info here: 
https://nextjs.org/docs/messages/dynamic-server-error
    at y (D:\Projects\School\school-management-web\.next\server\chunks\ssr\_0e3
a2f6._.js:1:12426)
    at n (D:\Projects\School\school-management-web\.next\server\chunks\ssr\_0e3
a2f6._.js:40:59407)
    at q (D:\Projects\School\school-management-web\.next\server\chunks\ssr\_0e3
a2f6._.js:58:68)
    at l (D:\Projects\School\school-management-web\.next\server\chunks\ssr\_0-y
yy9j._.js:2:19199)
    at l (D:\Projects\School\school-management-web\.next\server\chunks\ssr\src_
app_0wau2hf._.js:1:8812)
    at stringify (<anonymous>) {
  description: "Route /teacher/settings couldn't be rendered statically 
because it used `cookies`. See more info here: 
https://nextjs.org/docs/messages/dynamic-server-error",
  digest: 'DYNAMIC_SERVER_USAGE'
}
Γ£ô Generating static pages using 7 workers (77/77) in 26.7s
  Finalizing page optimization ...

Route (app)
Γöî ╞Æ /
Γö£ ╞Æ /_not-found
Γö£ ╞Æ /admin
Γö£ ╞Æ /admin/announcements
Γö£ ╞Æ /admin/approvals
Γö£ ╞Æ /admin/attendance
Γö£ ╞Æ /admin/attendance-requests
Γö£ ╞Æ /admin/attendance/register
Γö£ ╞Æ /admin/campuses
Γö£ ╞Æ /admin/classrooms
Γö£ ╞Æ /admin/exam-timetable
Γö£ ╞Æ /admin/fees
Γö£ ╞Æ /admin/id-card
Γö£ ╞Æ /admin/import-students
Γö£ ╞Æ /admin/monitoring
Γö£ ╞Æ /admin/notifications
Γö£ ╞Æ /admin/settings
Γö£ ╞Æ /admin/students
Γö£ ╞Æ /admin/syllabus
Γö£ ╞Æ /admin/teachers
Γö£ ╞Æ /admin/timetable
Γö£ ╞Æ /api/admin/student-bulk-upload
Γö£ ╞Æ /api/attendance/auto-absent
Γö£ ╞Æ /api/auth/callback
Γö£ ╞Æ /api/notifications
Γö£ ╞Æ /api/notifications/[id]
Γö£ ╞Æ /api/notifications/attendance
Γö£ ╞Æ /api/notifications/attendance/[id]
Γö£ ╞Æ /api/notifications/attendance/count
Γö£ ╞Æ /api/notifications/attendance/mark-all-read
Γö£ ╞Æ /api/notifications/count
Γö£ ╞Æ /api/notifications/register-token
Γö£ ╞Æ /api/notifications/sw-env
Γö£ ╞Æ /api/qrcode
Γö£ ╞Æ /api/schools/current
Γö£ ╞Æ /api/test-create
Γö£ ╞Æ /download-viewer
Γö£ ╞Æ /forgot-password
Γö£ ╞Æ /login
Γö£ ╞Æ /pending
Γö£ ╞Æ /profile
Γö£ ╞Æ /profile/setup
Γö£ ╞Æ /reset-password
Γö£ ╞Æ /signup
Γö£ ╞Æ /student
Γö£ ╞Æ /student/announcements
Γö£ ╞Æ /student/assignments
Γö£ ╞Æ /student/assignments/[id]
Γö£ ╞Æ /student/attendance
Γö£ ╞Æ /student/exam-timetable
Γö£ ╞Æ /student/id-card
Γö£ ╞Æ /student/notifications
Γö£ ╞Æ /student/profile-setup
Γö£ ╞Æ /student/results
Γö£ ╞Æ /student/settings
Γö£ ╞Æ /student/syllabus
Γö£ ╞Æ /student/timetable
Γö£ ╞Æ /super-admin
Γö£ ╞Æ /super-admin/admins
Γö£ ╞Æ /super-admin/approvals
Γö£ ╞Æ /super-admin/notifications
Γö£ ╞Æ /super-admin/schools
Γö£ ╞Æ /super-admin/schools/new
Γö£ ╞Æ /super-admin/settings
Γö£ ╞Æ /teacher
Γö£ ╞Æ /teacher/announcements
Γö£ ╞Æ /teacher/assignments
Γö£ ╞Æ /teacher/assignments/[id]
Γö£ ╞Æ /teacher/assignments/create
Γö£ ╞Æ /teacher/attendance
Γö£ ╞Æ /teacher/attendance/register
Γö£ ╞Æ /teacher/exam-timetable
Γö£ ╞Æ /teacher/id-card
Γö£ ╞Æ /teacher/notifications
Γö£ ╞Æ /teacher/profile-setup
Γö£ ╞Æ /teacher/results
Γö£ ╞Æ /teacher/results/publish
Γö£ ╞Æ /teacher/settings
Γö£ ╞Æ /teacher/students
Γö£ ╞Æ /teacher/syllabus
Γö£ ╞Æ /teacher/timetable
Γöö ╞Æ /teacher/timetable/builder


╞Æ Proxy (Middleware)

╞Æ  (Dynamic)  server-rendered on demand

